npm warn Unknown env config "http-proxy". This will stop working in the next major version of npm.

> mineradio-remix@2.4.2 check
> node scripts/quick-check.js

App root: /workspace/scratch/b9368a61956a/automix-20261010/repo

== Node syntax check ==
[OK] Checked 183 JavaScript files.

== Playback audio graph track-switch regression ==
OK playback-audio-graph-recovery

== Background window and playback resume regression ==
OK background-window-state-recovery
OK playback-background-resume

== Playback source fallback finite transaction regression ==
OK playback-source-fallback-transaction

== Playback single-repeat loop regression ==
OK playback-single-repeat-loop

== Persistent local FLAC library regression ==
✔ FLAC tags, embedded cover and same-name LRC survive a full library reload (79.501296ms)
✔ subsequent imports append to the persistent library by default (5.037761ms)
✔ GB18030 sidecar lyrics and synchronized embedded lyrics normalize to readable LRC (0.684494ms)
✔ metadata and manifest failures preserve the last committed cover and index (8.176804ms)
✔ embedded cover budget rejects oversized pixel dimensions on low-spec devices (0.246502ms)
✔ renderer and Electron wiring restore persistent tracks instead of blob-only missing records (2.158031ms)
ℹ tests 6
ℹ suites 0
ℹ pass 6
ℹ fail 0
ℹ cancelled 0
ℹ skipped 0
ℹ todo 0
ℹ duration_ms 180.75288

== Persistent cross-provider built-in playlist regression ==
✔ built-in playlists persist mixed-provider songs without changing their source (19.569842ms)
✔ Electron and renderer wiring exposes built-in playlists in collection, panel, queue and shelf (2.23057ms)
ℹ tests 2
ℹ suites 0
ℹ pass 2
ℹ fail 0
ℹ cancelled 0
ℹ skipped 0
ℹ todo 0
ℹ duration_ms 100.410328

== Wallpaper Engine idle-dispose regression ==
✔ idle Wallpaper Engine runtime disposes as a verified clean state (1.949696ms)
✔ single DWM surface accepts bounded visual settings without another native layer (1.017908ms)
ℹ tests 2
ℹ suites 0
ℹ pass 2
ℹ fail 0
ℹ cancelled 0
ℹ skipped 0
ℹ todo 0
ℹ duration_ms 8.718342

== Wallpaper Engine minimize resident regression ==
OK wallpaper-engine-minimize-resident

== Wallpaper Engine Win10 yellow-border regression ==
[OK] Wallpaper Engine pak capture avoids Win10 display-capture yellow border fallback.

== Gesture camera permission regression ==
OK gesture-camera-permission

== Gesture player actions regression ==
OK gesture-player-actions

== Gesture camera runtime lifecycle regression ==
OK gesture-runtime-lifecycle

== Curated visual presets regression ==
OK curated-visual-presets

== Lyric clarity, WE visual controls, and portrait fullscreen regression ==
✔ translation lyrics share high clarity sampling and global bright-background avoidance (1.210377ms)
✔ cover particles share bright-background avoidance (0.370179ms)
✔ portrait fullscreen targets the display under the window center (1.269286ms)
✔ Wallpaper Engine controls persist and use the existing DWM surface (1.651614ms)
ℹ tests 4
ℹ suites 0
ℹ pass 4
ℹ fail 0
ℹ cancelled 0
ℹ skipped 0
ℹ todo 0
ℹ duration_ms 107.415105

== QQ/Kugou provider entitlement regression ==
[KugouSongUrl] hash: free-song album:  mix: 42 auth: guest tier: none
[KugouSongUrl] hash: member-fallback-song album:  mix: 0 auth: ready tier: svip
[KugouSongUrl] hash: preview-song album:  mix: 0 auth: ready tier: svip
[KugouSongUrl] hash: full-fallback-song album:  mix: 0 auth: ready tier: svip
[KugouSongUrl] hash: client-only-song album:  mix: 0 auth: ready tier: svip
[KugouSongUrl] hash: unavailable-song album:  mix: 0 auth: guest tier: none
[KugouSongUrl] hash: challenge-song album:  mix: 0 auth: guest tier: none
[KugouSongUrl] hash: challenge-stop album:  mix: 0 auth: ready tier: svip
[KugouSongUrl] hash: challenge-stop album:  mix: 0 auth: ready tier: svip
[KugouSongUrl] hash: preview-then-challenge album:  mix: 0 auth: ready tier: svip
✔ current official songinfo route includes the H5 signature and stable web UUID (10.666539ms)
[KugouSongUrl] hash: preview-then-challenge album:  mix: 0 auth: ready tier: svip
[KugouSongUrl] hash: structured-challenge album:  mix: 0 auth: guest tier: none
✔ transport and non-JSON failures reach the official retry host instead of breaking fallback (6.211748ms)
[KugouSongUrl] hash: structured-challenge album:  mix: 0 auth: guest tier: none
[KugouSongUrl] hash: structured-challenge album:  mix: 0 auth: guest tier: none
[KugouSongUrl] hash: invalid-challenge album:  mix: 0 auth: guest tier: none
[KugouSongUrl] hash: invalid-challenge album:  mix: 0 auth: guest tier: none
✔ official previews stay marked as previews in both fresh and cached responses (3.23217ms)
[KugouSongUrl] hash: invalid-challenge album:  mix: 0 auth: guest tier: none
[KugouSongUrl] hash: invalid-challenge album:  mix: 0 auth: guest tier: none
[KugouSongUrl] hash: invalid-challenge album:  mix: 0 auth: guest tier: none
[KugouSongUrl] hash: invalid-challenge album:  mix: 0 auth: guest tier: none
✔ a full authorized fallback can replace a preview without relabeling preview audio (1.713547ms)
[KugouSongUrl] hash: invalid-challenge album:  mix: 0 auth: guest tier: none
[KugouSongUrl] hash: invalid-challenge album:  mix: 0 auth: guest tier: none
[KugouSongUrl] hash: invalid-challenge album:  mix: 0 auth: guest tier: none
[KugouSongUrl] hash: invalid-challenge album:  mix: 0 auth: guest tier: none
✔ URL arrays select one valid address and failed gateway payloads cannot authorize audio (2.166811ms)
✔ upstream errors are distinct from non-membership and official security challenges are preserved (3.768991ms)
✔ an official challenge stops all endpoint and quality fallbacks and retains its URL and upstream code (2.914861ms)
✔ a security challenge wins over an earlier official preview and JSON HTTP failures preserve challenges (2.63607ms)
✔ clear upstream verification messages and structured challenge links cannot be mistaken for audio URLs (1.806327ms)
✔ missing and unsafe challenge URLs retain verification state without inventing a destination (3.37772ms)
✔ unknown or stale membership waits for verification without claiming non-membership or requesting paid audio (4.643781ms)
✔ login profile challenges preserve identity, deny playback readiness and stop membership probing (4.608518ms)
✔ web, primary and fallback VIP challenges survive login and stop subsequent probes without caching (3.546825ms)
[KugouSearch] fixture search limit: 3 offset: 0
✔ VIP probes are sequential and transport failures never become security verification (8.519684ms)
[KugouSearch] fixture search limit: 3 offset: 0
[KugouSearch] page test limit: 3 offset: 2
✔ membership security challenges also terminate playback before any audio request (0.606276ms)
✔ search failures are rejected and not cached as an empty successful search (1.382988ms)
✔ search offsets cross page boundaries without returning preceding tracks (1.331309ms)
✔ Cookie object helpers preserve login identity and lyrics decode official base64 content (0.733627ms)
✔ personal-library failures retain an explicit upstream code and are retried instead of cached as empty (1.130877ms)
✔ malformed personal-library and track payloads cannot become successful cached empty libraries (1.387445ms)
✔ personal library reads every page, not just the first 50 playlists (1.570571ms)
✔ failed later pages retain loaded playlists and retry to a complete library (2.011207ms)
✔ page limit is explicit with or without totals, but a known complete final page succeeds (21.508203ms)
✔ cloudlist connection rejection stays a failure with an explicit recovery action (0.691034ms)
✔ cloudlist library and created-list tracks use the Android contract, retaining failure codes (1.262336ms)
✔ Android tracker signs all parameters and does not request an unnecessary preview (0.626566ms)
✔ Kugou ordinary login keeps a reusable session without clearing storage (3.260041ms)
✔ Kugou explicit re-login discards a revoked token before reuse and completes with a fresh session (8.552723ms)
✔ Kugou only literal true requests storage clearing (3.279932ms)
✔ Kugou cancelled re-login never returns the discarded session (1.489378ms)
✔ Kugou renderer re-login options reach the main handler without an unlock step (2.237658ms)
✔ Kugou website fallback is an interactive visible window, not a QR-only screenshot (1.606155ms)
✔ Kugou verification stays visible with existing playback cookies, keeps the session and closes without claiming success (2.549619ms)
✔ Kugou verification rejects unsafe challenge URLs before opening a window (3.240743ms)
✔ Kugou navigation and popups cannot leave official HTTPS hosts or invoke an external app (1.441086ms)
✔ a visible security challenge during website login takes precedence over complete cookies (1.465212ms)
✔ new Kugou verification replaces an older window and logout cancels all login activity before clearing cookies (1.209926ms)
✔ Kugou redirect guard supports current Electron details and leaves captcha subframes usable (1.009324ms)
✔ untrusted renderers cannot launch Kugou login or clear its session (1.033741ms)
✔ logout while cookie reuse is pending cannot create a late Kugou window or return success (0.5628ms)
✔ DOM-ready and full-load share the pending challenge check before any login-entry click (1.709311ms)
[OK] Kugou VIP hardening: web roles are source-scoped, expiry-aware, and cannot overgrant music-package accounts.
✔ /workspace/scratch/b9368a61956a/automix-20261010/repo/tests/kugou-vip-hardening.test.js (101.679074ms)
[KugouSongUrl] hash: ordinary-free-track-hash album:  mix: 0 auth: ready tier: none
[KugouSongUrl] hash: verified-vip-track-hash album:  mix: 0 auth: ready tier: vip
[KugouSongUrl] hash: music-package-track-hash album:  mix: 0 auth: ready tier: none
[OK] Provider entitlement boundaries reject false VIP signals and protect restricted URLs.
✔ /workspace/scratch/b9368a61956a/automix-20261010/repo/tests/provider-entitlement-boundary.test.js (119.504332ms)
✔ catalogue credentials cannot become a Qishui account or playback authorization (3.555839ms)
✔ API timeout remains active while a response body is stalled (6.335556ms)
✔ temporary provider errors retain account identity without claiming current authorization (2.140052ms)
✔ JSON error responses are also treated as temporary status failures (1.170477ms)
✔ officially expired Qishui session clears account and asks for a new scan (1.367795ms)
✔ unknown membership does not overwrite verified audit history as a normal account (1.155425ms)
✔ the shared badge retains QQ pending and verified ordinary account states (1.429838ms)
✔ an old saved cookie cannot confirm a waiting or expired QR attempt (5.451581ms)
✔ only a newly confirmed and valid QR session is saved (6.079039ms)
✔ a Qishui QR confirmation that resolves after logout is not saved (2.703957ms)
✔ a rejected fresh session stops the QR poll and displays a rescan action (2.749992ms)
[OK] QQ VIP entitlement regression tests passed
✔ /workspace/scratch/b9368a61956a/automix-20261010/repo/tests/qq-vip-entitlement.test.js (101.244157ms)
ℹ tests 55
ℹ suites 0
ℹ pass 55
ℹ fail 0
ℹ cancelled 0
ℹ skipped 0
ℹ todo 0
ℹ duration_ms 189.27415

== Direct account binding entry regression ==
OK login-entry-direct

== Qishui provider distribution, entitlement, and signed Passport QR regression ==
[OK] Qishui account membership, expiry TTL, and account-scoped metadata cache verified.
✔ /workspace/scratch/b9368a61956a/automix-20261010/repo/tests/qishui-entitlement-cache.test.js (89.198152ms)
✔ Qishui Passport QR bridge persists a confirmed official web session and clears it (3.026039ms)
✔ an old saved cookie or superseded QR poll cannot confirm a new login (0.934451ms)
✔ Qishui login product surface uses only the signed Passport QR flow (3.528197ms)
[OK] Qishui search pagination and official-session account boundary verified.
✔ /workspace/scratch/b9368a61956a/automix-20261010/repo/tests/qishui-provider-distribution.test.js (95.600758ms)
✔ expired official session cannot become a successful status or an empty synchronized library (7.76288ms)
✔ a transient profile failure stays unknown and immediately recovers on retry (4.17966ms)
✔ HTTP 200 with missing account identity cannot validate saved cookies (3.650572ms)
✔ personal playlists load without waiting for recommendation feeds and partial failures are retried (3.166471ms)
✔ empty PC responses keep public search available but identify an expired playback session (4.781229ms)
✔ a failed player-info resolution retries immediately and cached audio cannot override stricter rights (4.121693ms)
✔ playback settles under a wall-clock deadline even when DNS or the response never emits an event (22.904427ms)
✔ an explicit numeric end-of-search flag stops pagination even when the final page is full (5.342907ms)
✔ created playlists follow the cursor past the first 50; a response without paging fields stays one page (3.879056ms)
✔ a library with more pages at the safety limit stays incomplete and is not cached as complete (9.580034ms)
✔ has_more with a missing or unchanged cursor cannot become a completed library (1.381075ms)
✔ VIP may use lossless but cannot use Hi-Res reserved for explicit SVIP (1.445122ms)
✔ unknown membership never grants a premium stream (0.31804ms)
✔ SVIP-only track flags are normalized and gated independently from VIP (0.46365ms)
✔ VIP and SVIP expiry fields are evaluated independently (1.13242ms)
✔ a same-cookie official positive survives only a short immediate outage (0.481897ms)
✔ unknown without positive history is not converted to an ordinary account (0.29805ms)
✔ an official positive is never retained beyond its expiry (0.162756ms)
ℹ tests 23
ℹ suites 0
ℹ pass 23
ℹ fail 0
ℹ cancelled 0
ℹ skipped 0
ℹ todo 0
ℹ duration_ms 191.097569

== Provider removal, fullscreen DIY, and cinematic preload regression ==
✔ removed provider has no user-facing or callable login surface (6.587466ms)
✔ fullscreen DIY control follows the bottom-most visible account pill (0.303869ms)
✔ full-track cinematic analysis waits for playback and retries bounded failures (0.289086ms)
ℹ tests 3
ℹ suites 0
ℹ pass 3
ℹ fail 0
ℹ cancelled 0
ℹ skipped 0
ℹ todo 0
ℹ duration_ms 94.944597

== Visual performance controls regression ==
✔ visual performance controls are visible and persisted without reordering old MR2 fields (2.614467ms)
✔ disabled controls bypass the expensive lyric and particle paths (0.736612ms)
ℹ tests 2
ℹ suites 0
ℹ pass 2
ℹ fail 0
ℹ cancelled 0
ℹ skipped 0
ℹ todo 0
ℹ duration_ms 93.553682

== Platform account action and listen-sync guard ==
[OK] Platform account actions, provider-affine listen reports, and truthful duration-sync boundaries are guarded.

== Complete daily recommendation data and bounded rendering regression ==
✔ daily recommendation modal consumes the full frontend dataset without an eight-song slice (1.36436ms)
✔ daily recommendation viewport range exposes every index while keeping each DOM window bounded (1.322566ms)
✔ virtualized daily cards preserve absolute indexes and full-queue playback (0.679125ms)
✔ daily viewport updates are scroll-driven and animation-frame throttled (0.35755ms)
✔ daily recommendation mapper preserves every valid upstream song in order (3.420885ms)
✔ discover home returns the complete mapped daily list without a fixed song cap (0.789402ms)
✔ discover home does not request or return recommended podcasts (0.423299ms)
ℹ tests 7
ℹ suites 0
ℹ pass 7
ℹ fail 0
ℹ cancelled 0
ℹ skipped 0
ℹ todo 0
ℹ duration_ms 142.348763

== Combined index module parse ==
[OK] Combined classic script parses. Modules: 131.

== Forbidden FSR/DLSS/native FG scan ==
[OK] No FSR/DLSS/native FG markers in 185 scanned files.

== Main window chrome guard ==
[OK] Main player window still uses frame:false and transparent:true.

== Background transparency controls guard ==
[OK] Background window opacity and gated glass opacity controls are wired through UI, CSS, runtime, persistence, and archives.

== Wallpaper Engine additive import guard ==
[OK] Independent layer, native Scene runtime, opaque IPC IDs, path containment, safe previews, Range streaming, and original-background restore are guarded.

== Desktop wallpaper mode guard ==
[OK] Legacy canvas backdrop is forbidden; the complete Mineradio HUD, recoverable software lock, desktop-icon switch, click-outside close, Escape exit, native watcher recovery, single WE DWM layering, and ordered cleanup are guarded.

== Desktop window adaptation guard ==
[OK] Desktop shell adapts portrait displays and window minimize/restore animation.

== Lyric layout range guard ==
[OK] Lyric layout position/depth/angle ranges stay expanded through UI, runtime, autosave, and archives.

== Free camera pointer-lock guard ==
[OK] Local app pointerLock permission and plain lock request are guarded.

== Progress drag seek guard ==
[OK] Progress drag previews visually and commits audio seek on release.

== Lyric backface readability guard ==
[OK] Lyric translation/readability/glow layers stay readable from the back side.

== Lyric scroll performance guard ==
[OK] Lyric scrolling keeps one persistent whole-song text runway, bounded effect layers, realtime continuous drag, and warm lyric activation.

== Persistent cache storage guard ==
[OK] Persistent lyric and application cache paths are configurable and report current usage.

== External update page bridge guard ==
✔ the latest Release body supplies two new pages and the announcement without stale visible links (4.848419ms)
✔ a source build reads only the bold 更新重点 phrases, not the heading or explanations (1.194291ms)
✔ explicit manifest pages replace legacy URL aliases instead of appending a retired third source (1.272158ms)
✔ an explicitly empty or unsafe list retires legacy sources while old single-page manifests remain compatible (0.741308ms)
✔ renderer replaces three old sources with two latest sources and opens only the selected new page (2.328881ms)
✔ renderer clears retired sources and previous notes when the next payload omits the announcement (0.869891ms)
✔ renderer preserves the legacy single-page response when no explicit list is supplied (0.704042ms)
✔ release update metadata accepts only a bounded HTTPS external page (1.480993ms)
✔ removed local update routes stay disabled and their workers stay absent (1.000859ms)
✔ release body preserves all three labelled HTTPS download pages (2.550125ms)
✔ renderer opens the external page without local installer or patch calls (0.184508ms)
ℹ tests 11
ℹ suites 0
ℹ pass 11
ℹ fail 0
ℹ cancelled 0
ℹ skipped 0
ℹ todo 0
ℹ duration_ms 97.802421
[OK] Updates use a trusted HTTPS-only external-page bridge with no local installer path.

== Netease lyric translation guard ==
[OK] Netease tlyric/ytlrc translation merge is guarded.

== Lyric vertical float toggle guard ==
[OK] Lyric vertical float toggle is wired through UI, persistence, archive, and render layers.

== Qishui provider guard ==
[OK] Qishui search/lyric fallback stays usable without third-party playback proxy.

== Removed provider surface guard ==
[OK] Removed provider has no searchable, login, account-capsule, startup, HTTP, or desktop IPC surface.

== Playback control source/VIP badge guard ==
[OK] Bottom player title shows source and VIP badges without stretching the control bar.

== Provider fallback transaction and terminal-state guard ==
[OK] Provider fallback respects active credentials, commits after playback, and reaches a clean terminal state.

== Search glass entrance guard ==
[OK] Search glass uses the saved RGB SVG surface and is composited before the search panel appears.

== Provider entitlement boundary guard ==
[OK] Provider account membership and per-track playback entitlement remain separated.

== QQ VIP status refresh guard ==
[OK] QQ membership status can be force-refreshed after renewals.

== Provider auth cookie path guard ==
[OK] Provider auth cookies stay on userData paths and QQ partial login is explicit.

== Long-pause playback resume recovery guard ==
[OK] Long-pause resume recovery refreshes expired provider URLs across providers.

== Audio output workflow panel guard ==
[OK] Audio output workflow opens as a dedicated wiring panel and leaves settings compact.

== Volume wheel step guard ==
[OK] Volume wheel step is 1%.

== Non-current audio prefetch guard ==
[OK] Non-current audio URL prefetch stays disabled by default.

== Cuefield AutoMix integration guard ==
[OK] Cuefield AutoMix is opt-in, packages with the app, uses local feedback, and reuses safe handoff controls.

== Album detail and explicit gapless guard ==
[OK] Album detail opens from covers, loads provider album tracks, and gapless playback is explicit/preheated/sequential.

== Internal beta packaging guard ==
[OK] Internal beta packaging stays isolated, closed-channel, and non-publishing.

== Sonic topography visual preset guard ==
[OK] 音域回响 preset is selectable, bounded, saved, and driven by existing rhythm envelopes.

== Long press playlist/queue reorder guard ==
[OK] Long-press reorder stays on left playlist/queue panels and is disabled for 3D shelf cards.

== Playlist panel trigger guard ==
[OK] Playlist panel trigger, secondary-edge, bottom-control, and animation-duration guards are in sync.

== Shuffle queue order guard ==
[OK] Shuffle mode keeps the visible queue aligned with the actual playback order.

== Large playlist virtualization and progressive queue guard ==
[OK] 5k catalog=4.86ms/window 20; 10k queue=1 warm + 61 on-demand pages/window 26; one outer detail scroll; 3D pools retained.

== First-launch defaults and splash timing guard ==
[OK] 206 captured defaults match; splash cue pace is 0.72x of upstream (logo settles ~2.5s) with entry at 1.5s (0.65s reduced motion); archive actions stay in one row.

== Visual console workspace guard ==
[OK] Six task tabs, explicit grouping, scoped history, safe DOM cleanup, search, and responsive styles are wired.

== Electron runtime smoke check ==
[SKIP] Fast/static mode. Use quick-check.bat full to enable it.

All checks passed.
npm notice
npm notice New major version of npm available! 11.9.0 -> 12.2.0
npm notice Changelog: https://github.com/npm/cli/releases/tag/v12.2.0
npm notice To update run: npm install -g npm@12.2.0
npm notice
