npm warn Unknown env config "http-proxy". This will stop working in the next major version of npm.

> mineradio-remix@2.4.2 check
> node scripts/quick-check.js

App root: /workspace/scratch/b9368a61956a/automix-20261010/repo

== Node syntax check ==
[OK] Checked 183 JavaScript files.

== Playback audio graph track-switch regression ==
OK playback-audio-graph-recovery

== Background window and playback resume regression ==
OK background-window-state-recovery
OK playback-background-resume

== Playback source fallback finite transaction regression ==
OK playback-source-fallback-transaction

== Playback single-repeat loop regression ==
OK playback-single-repeat-loop

== Persistent local FLAC library regression ==
✔ FLAC tags, embedded cover and same-name LRC survive a full library reload (67.353765ms)
✔ subsequent imports append to the persistent library by default (3.708118ms)
✔ GB18030 sidecar lyrics and synchronized embedded lyrics normalize to readable LRC (0.441246ms)
✔ metadata and manifest failures preserve the last committed cover and index (7.549707ms)
✔ embedded cover budget rejects oversized pixel dimensions on low-spec devices (0.221515ms)
✔ renderer and Electron wiring restore persistent tracks instead of blob-only missing records (2.197448ms)
ℹ tests 6
ℹ suites 0
ℹ pass 6
ℹ fail 0
ℹ cancelled 0
ℹ skipped 0
ℹ todo 0
ℹ duration_ms 156.007061

== Persistent cross-provider built-in playlist regression ==
✔ built-in playlists persist mixed-provider songs without changing their source (15.155488ms)
✔ Electron and renderer wiring exposes built-in playlists in collection, panel, queue and shelf (2.659956ms)
ℹ tests 2
ℹ suites 0
ℹ pass 2
ℹ fail 0
ℹ cancelled 0
ℹ skipped 0
ℹ todo 0
ℹ duration_ms 93.313975

== Wallpaper Engine idle-dispose regression ==
✔ idle Wallpaper Engine runtime disposes as a verified clean state (2.049384ms)
✔ single DWM surface accepts bounded visual settings without another native layer (0.81515ms)
ℹ tests 2
ℹ suites 0
ℹ pass 2
ℹ fail 0
ℹ cancelled 0
ℹ skipped 0
ℹ todo 0
ℹ duration_ms 7.995349

== Wallpaper Engine minimize resident regression ==
OK wallpaper-engine-minimize-resident

== Wallpaper Engine Win10 yellow-border regression ==
[OK] Wallpaper Engine pak capture avoids Win10 display-capture yellow border fallback.

== Gesture camera permission regression ==
OK gesture-camera-permission

== Gesture player actions regression ==
OK gesture-player-actions

== Gesture camera runtime lifecycle regression ==
OK gesture-runtime-lifecycle

== Curated visual presets regression ==
OK curated-visual-presets

== Lyric clarity, WE visual controls, and portrait fullscreen regression ==
✔ translation lyrics share high clarity sampling and global bright-background avoidance (1.363047ms)
✔ cover particles share bright-background avoidance (0.558733ms)
✔ portrait fullscreen targets the display under the window center (1.64313ms)
✔ Wallpaper Engine controls persist and use the existing DWM surface (2.03327ms)
ℹ tests 4
ℹ suites 0
ℹ pass 4
ℹ fail 0
ℹ cancelled 0
ℹ skipped 0
ℹ todo 0
ℹ duration_ms 101.906596

== QQ/Kugou provider entitlement regression ==
[KugouSongUrl] hash: free-song album:  mix: 42 auth: guest tier: none
[KugouSongUrl] hash: member-fallback-song album:  mix: 0 auth: ready tier: svip
[KugouSongUrl] hash: preview-song album:  mix: 0 auth: ready tier: svip
[KugouSongUrl] hash: full-fallback-song album:  mix: 0 auth: ready tier: svip
[KugouSongUrl] hash: client-only-song album:  mix: 0 auth: ready tier: svip
[KugouSongUrl] hash: unavailable-song album:  mix: 0 auth: guest tier: none
[KugouSongUrl] hash: challenge-song album:  mix: 0 auth: guest tier: none
[KugouSongUrl] hash: challenge-stop album:  mix: 0 auth: ready tier: svip
[KugouSongUrl] hash: challenge-stop album:  mix: 0 auth: ready tier: svip
[KugouSongUrl] hash: preview-then-challenge album:  mix: 0 auth: ready tier: svip
✔ current official songinfo route includes the H5 signature and stable web UUID (9.488683ms)
[KugouSongUrl] hash: preview-then-challenge album:  mix: 0 auth: ready tier: svip
[KugouSongUrl] hash: structured-challenge album:  mix: 0 auth: guest tier: none
✔ transport and non-JSON failures reach the official retry host instead of breaking fallback (7.36648ms)
[KugouSongUrl] hash: structured-challenge album:  mix: 0 auth: guest tier: none
[KugouSongUrl] hash: structured-challenge album:  mix: 0 auth: guest tier: none
[KugouSongUrl] hash: invalid-challenge album:  mix: 0 auth: guest tier: none
[KugouSongUrl] hash: invalid-challenge album:  mix: 0 auth: guest tier: none
✔ official previews stay marked as previews in both fresh and cached responses (3.021602ms)
[KugouSongUrl] hash: invalid-challenge album:  mix: 0 auth: guest tier: none
[KugouSongUrl] hash: invalid-challenge album:  mix: 0 auth: guest tier: none
[KugouSongUrl] hash: invalid-challenge album:  mix: 0 auth: guest tier: none
[KugouSongUrl] hash: invalid-challenge album:  mix: 0 auth: guest tier: none
✔ a full authorized fallback can replace a preview without relabeling preview audio (2.129184ms)
[KugouSongUrl] hash: invalid-challenge album:  mix: 0 auth: guest tier: none
[KugouSongUrl] hash: invalid-challenge album:  mix: 0 auth: guest tier: none
[KugouSongUrl] hash: invalid-challenge album:  mix: 0 auth: guest tier: none
[KugouSongUrl] hash: invalid-challenge album:  mix: 0 auth: guest tier: none
✔ URL arrays select one valid address and failed gateway payloads cannot authorize audio (2.764223ms)
✔ upstream errors are distinct from non-membership and official security challenges are preserved (5.380572ms)
✔ an official challenge stops all endpoint and quality fallbacks and retains its URL and upstream code (2.597781ms)
✔ a security challenge wins over an earlier official preview and JSON HTTP failures preserve challenges (3.189184ms)
✔ clear upstream verification messages and structured challenge links cannot be mistaken for audio URLs (2.170647ms)
✔ missing and unsafe challenge URLs retain verification state without inventing a destination (5.25949ms)
✔ unknown or stale membership waits for verification without claiming non-membership or requesting paid audio (5.850402ms)
✔ login profile challenges preserve identity, deny playback readiness and stop membership probing (5.262704ms)
✔ web, primary and fallback VIP challenges survive login and stop subsequent probes without caching (4.362345ms)
[KugouSearch] fixture search limit: 3 offset: 0
✔ VIP probes are sequential and transport failures never become security verification (8.673864ms)
[KugouSearch] fixture search limit: 3 offset: 0
[KugouSearch] page test limit: 3 offset: 2
✔ membership security challenges also terminate playback before any audio request (0.690302ms)
✔ search failures are rejected and not cached as an empty successful search (1.319752ms)
✔ search offsets cross page boundaries without returning preceding tracks (1.553505ms)
✔ Cookie object helpers preserve login identity and lyrics decode official base64 content (0.959348ms)
✔ personal-library failures retain an explicit upstream code and are retried instead of cached as empty (1.193082ms)
✔ malformed personal-library and track payloads cannot become successful cached empty libraries (1.757964ms)
✔ personal library reads every page, not just the first 50 playlists (1.276046ms)
✔ failed later pages retain loaded playlists and retry to a complete library (1.687428ms)
✔ page limit is explicit with or without totals, but a known complete final page succeeds (20.951147ms)
✔ cloudlist connection rejection stays a failure with an explicit recovery action (0.608749ms)
✔ cloudlist library and created-list tracks use the Android contract, retaining failure codes (1.15951ms)
✔ Android tracker signs all parameters and does not request an unnecessary preview (0.790543ms)
✔ Kugou ordinary login keeps a reusable session without clearing storage (3.450169ms)
✔ Kugou explicit re-login discards a revoked token before reuse and completes with a fresh session (7.691501ms)
✔ Kugou only literal true requests storage clearing (3.95448ms)
✔ Kugou cancelled re-login never returns the discarded session (1.549789ms)
✔ Kugou renderer re-login options reach the main handler without an unlock step (2.900209ms)
✔ Kugou website fallback is an interactive visible window, not a QR-only screenshot (11.49917ms)
✔ Kugou verification stays visible with existing playback cookies, keeps the session and closes without claiming success (26.457779ms)
✔ Kugou verification rejects unsafe challenge URLs before opening a window (4.62391ms)
✔ Kugou navigation and popups cannot leave official HTTPS hosts or invoke an external app (1.822211ms)
✔ a visible security challenge during website login takes precedence over complete cookies (1.768229ms)
✔ new Kugou verification replaces an older window and logout cancels all login activity before clearing cookies (1.592264ms)
✔ Kugou redirect guard supports current Electron details and leaves captcha subframes usable (1.394926ms)
✔ untrusted renderers cannot launch Kugou login or clear its session (1.154382ms)
✔ logout while cookie reuse is pending cannot create a late Kugou window or return success (0.82805ms)
✔ DOM-ready and full-load share the pending challenge check before any login-entry click (2.566203ms)
[OK] Kugou VIP hardening: web roles are source-scoped, expiry-aware, and cannot overgrant music-package accounts.
✔ /workspace/scratch/b9368a61956a/automix-20261010/repo/tests/kugou-vip-hardening.test.js (99.814944ms)
[KugouSongUrl] hash: ordinary-free-track-hash album:  mix: 0 auth: ready tier: none
[KugouSongUrl] hash: verified-vip-track-hash album:  mix: 0 auth: ready tier: vip
[KugouSongUrl] hash: music-package-track-hash album:  mix: 0 auth: ready tier: none
[OK] Provider entitlement boundaries reject false VIP signals and protect restricted URLs.
✔ /workspace/scratch/b9368a61956a/automix-20261010/repo/tests/provider-entitlement-boundary.test.js (133.53333ms)
✔ catalogue credentials cannot become a Qishui account or playback authorization (4.985336ms)
✔ API timeout remains active while a response body is stalled (10.927736ms)
✔ temporary provider errors retain account identity without claiming current authorization (3.147341ms)
✔ JSON error responses are also treated as temporary status failures (2.009533ms)
✔ officially expired Qishui session clears account and asks for a new scan (3.550751ms)
✔ unknown membership does not overwrite verified audit history as a normal account (1.733687ms)
✔ the shared badge retains QQ pending and verified ordinary account states (1.728299ms)
✔ an old saved cookie cannot confirm a waiting or expired QR attempt (10.227489ms)
✔ only a newly confirmed and valid QR session is saved (10.646983ms)
✔ a Qishui QR confirmation that resolves after logout is not saved (2.737222ms)
✔ a rejected fresh session stops the QR poll and displays a rescan action (3.716681ms)
[OK] QQ VIP entitlement regression tests passed
✔ /workspace/scratch/b9368a61956a/automix-20261010/repo/tests/qq-vip-entitlement.test.js (126.105516ms)
ℹ tests 55
ℹ suites 0
ℹ pass 55
ℹ fail 0
ℹ cancelled 0
ℹ skipped 0
ℹ todo 0
ℹ duration_ms 209.978845

== Direct account binding entry regression ==
OK login-entry-direct

== Qishui provider distribution, entitlement, and signed Passport QR regression ==
[OK] Qishui account membership, expiry TTL, and account-scoped metadata cache verified.
✔ /workspace/scratch/b9368a61956a/automix-20261010/repo/tests/qishui-entitlement-cache.test.js (82.356624ms)
✔ Qishui Passport QR bridge persists a confirmed official web session and clears it (3.733216ms)
✔ an old saved cookie or superseded QR poll cannot confirm a new login (1.025548ms)
✔ Qishui login product surface uses only the signed Passport QR flow (4.744232ms)
[OK] Qishui search pagination and official-session account boundary verified.
✔ /workspace/scratch/b9368a61956a/automix-20261010/repo/tests/qishui-provider-distribution.test.js (87.452777ms)
✔ expired official session cannot become a successful status or an empty synchronized library (9.982409ms)
✔ a transient profile failure stays unknown and immediately recovers on retry (4.441455ms)
✔ HTTP 200 with missing account identity cannot validate saved cookies (3.19277ms)
✔ personal playlists load without waiting for recommendation feeds and partial failures are retried (3.158318ms)
✔ empty PC responses keep public search available but identify an expired playback session (4.957173ms)
✔ a failed player-info resolution retries immediately and cached audio cannot override stricter rights (3.702549ms)
✔ playback settles under a wall-clock deadline even when DNS or the response never emits an event (22.799147ms)
✔ an explicit numeric end-of-search flag stops pagination even when the final page is full (1.166231ms)
✔ created playlists follow the cursor past the first 50; a response without paging fields stays one page (2.912757ms)
✔ a library with more pages at the safety limit stays incomplete and is not cached as complete (5.958194ms)
✔ has_more with a missing or unchanged cursor cannot become a completed library (1.135063ms)
✔ VIP may use lossless but cannot use Hi-Res reserved for explicit SVIP (2.101703ms)
✔ unknown membership never grants a premium stream (0.413064ms)
✔ SVIP-only track flags are normalized and gated independently from VIP (0.758264ms)
✔ VIP and SVIP expiry fields are evaluated independently (1.592183ms)
✔ a same-cookie official positive survives only a short immediate outage (0.608889ms)
✔ unknown without positive history is not converted to an ordinary account (0.295917ms)
✔ an official positive is never retained beyond its expiry (0.163918ms)
ℹ tests 23
ℹ suites 0
ℹ pass 23
ℹ fail 0
ℹ cancelled 0
ℹ skipped 0
ℹ todo 0
ℹ duration_ms 178.350635

== Provider removal, fullscreen DIY, and cinematic preload regression ==
✔ removed provider has no user-facing or callable login surface (6.853656ms)
✔ fullscreen DIY control follows the bottom-most visible account pill (0.454636ms)
✔ full-track cinematic analysis waits for playback and retries bounded failures (0.376028ms)
ℹ tests 3
ℹ suites 0
ℹ pass 3
ℹ fail 0
ℹ cancelled 0
ℹ skipped 0
ℹ todo 0
ℹ duration_ms 85.68605

== Visual performance controls regression ==
✔ visual performance controls are visible and persisted without reordering old MR2 fields (2.414855ms)
✔ disabled controls bypass the expensive lyric and particle paths (0.626896ms)
ℹ tests 2
ℹ suites 0
ℹ pass 2
ℹ fail 0
ℹ cancelled 0
ℹ skipped 0
ℹ todo 0
ℹ duration_ms 93.752767

== Platform account action and listen-sync guard ==
[OK] Platform account actions, provider-affine listen reports, and truthful duration-sync boundaries are guarded.

== Complete daily recommendation data and bounded rendering regression ==
✔ daily recommendation modal consumes the full frontend dataset without an eight-song slice (1.46423ms)
✔ daily recommendation viewport range exposes every index while keeping each DOM window bounded (1.247774ms)
✔ virtualized daily cards preserve absolute indexes and full-queue playback (0.650191ms)
✔ daily viewport updates are scroll-driven and animation-frame throttled (0.407946ms)
✔ daily recommendation mapper preserves every valid upstream song in order (2.710692ms)
✔ discover home returns the complete mapped daily list without a fixed song cap (0.657443ms)
✔ discover home does not request or return recommended podcasts (0.314835ms)
ℹ tests 7
ℹ suites 0
ℹ pass 7
ℹ fail 0
ℹ cancelled 0
ℹ skipped 0
ℹ todo 0
ℹ duration_ms 119.97368

== Combined index module parse ==
[OK] Combined classic script parses. Modules: 131.

== Forbidden FSR/DLSS/native FG scan ==
[OK] No FSR/DLSS/native FG markers in 185 scanned files.

== Main window chrome guard ==
[OK] Main player window still uses frame:false and transparent:true.

== Background transparency controls guard ==
[OK] Background window opacity and gated glass opacity controls are wired through UI, CSS, runtime, persistence, and archives.

== Wallpaper Engine additive import guard ==
[OK] Independent layer, native Scene runtime, opaque IPC IDs, path containment, safe previews, Range streaming, and original-background restore are guarded.

== Desktop wallpaper mode guard ==
[OK] Legacy canvas backdrop is forbidden; the complete Mineradio HUD, recoverable software lock, desktop-icon switch, click-outside close, Escape exit, native watcher recovery, single WE DWM layering, and ordered cleanup are guarded.

== Desktop window adaptation guard ==
[OK] Desktop shell adapts portrait displays and window minimize/restore animation.

== Lyric layout range guard ==
[OK] Lyric layout position/depth/angle ranges stay expanded through UI, runtime, autosave, and archives.

== Free camera pointer-lock guard ==
[OK] Local app pointerLock permission and plain lock request are guarded.

== Progress drag seek guard ==
[OK] Progress drag previews visually and commits audio seek on release.

== Lyric backface readability guard ==
[OK] Lyric translation/readability/glow layers stay readable from the back side.

== Lyric scroll performance guard ==
[OK] Lyric scrolling keeps one persistent whole-song text runway, bounded effect layers, realtime continuous drag, and warm lyric activation.

== Persistent cache storage guard ==
[OK] Persistent lyric and application cache paths are configurable and report current usage.

== External update page bridge guard ==
✔ the latest Release body supplies two new pages and the announcement without stale visible links (5.11731ms)
✔ a source build reads only the bold 更新重点 phrases, not the heading or explanations (1.455997ms)
✔ explicit manifest pages replace legacy URL aliases instead of appending a retired third source (0.981992ms)
✔ an explicitly empty or unsafe list retires legacy sources while old single-page manifests remain compatible (0.797344ms)
✔ renderer replaces three old sources with two latest sources and opens only the selected new page (3.068782ms)
✔ renderer clears retired sources and previous notes when the next payload omits the announcement (0.808721ms)
✔ renderer preserves the legacy single-page response when no explicit list is supplied (0.701559ms)
✔ release update metadata accepts only a bounded HTTPS external page (1.393203ms)
✔ removed local update routes stay disabled and their workers stay absent (1.228404ms)
✔ release body preserves all three labelled HTTPS download pages (3.009664ms)
✔ renderer opens the external page without local installer or patch calls (0.196517ms)
ℹ tests 11
ℹ suites 0
ℹ pass 11
ℹ fail 0
ℹ cancelled 0
ℹ skipped 0
ℹ todo 0
ℹ duration_ms 106.609975
[OK] Updates use a trusted HTTPS-only external-page bridge with no local installer path.

== Netease lyric translation guard ==
[OK] Netease tlyric/ytlrc translation merge is guarded.

== Lyric vertical float toggle guard ==
[OK] Lyric vertical float toggle is wired through UI, persistence, archive, and render layers.

== Qishui provider guard ==
[OK] Qishui search/lyric fallback stays usable without third-party playback proxy.

== Removed provider surface guard ==
[OK] Removed provider has no searchable, login, account-capsule, startup, HTTP, or desktop IPC surface.

== Playback control source/VIP badge guard ==
[OK] Bottom player title shows source and VIP badges without stretching the control bar.

== Provider fallback transaction and terminal-state guard ==
[OK] Provider fallback respects active credentials, commits after playback, and reaches a clean terminal state.

== Search glass entrance guard ==
[OK] Search glass uses the saved RGB SVG surface and is composited before the search panel appears.

== Provider entitlement boundary guard ==
[OK] Provider account membership and per-track playback entitlement remain separated.

== QQ VIP status refresh guard ==
[OK] QQ membership status can be force-refreshed after renewals.

== Provider auth cookie path guard ==
[OK] Provider auth cookies stay on userData paths and QQ partial login is explicit.

== Long-pause playback resume recovery guard ==
[OK] Long-pause resume recovery refreshes expired provider URLs across providers.

== Audio output workflow panel guard ==
[OK] Audio output workflow opens as a dedicated wiring panel and leaves settings compact.

== Volume wheel step guard ==
[OK] Volume wheel step is 1%.

== Non-current audio prefetch guard ==
[OK] Non-current audio URL prefetch stays disabled by default.

== Cuefield AutoMix integration guard ==
[OK] Cuefield AutoMix is opt-in, packages with the app, uses local feedback, and reuses safe handoff controls.

== Album detail and explicit gapless guard ==
[OK] Album detail opens from covers, loads provider album tracks, and gapless playback is explicit/preheated/sequential.

== Internal beta packaging guard ==
[OK] Internal beta packaging stays isolated, closed-channel, and non-publishing.

== Sonic topography visual preset guard ==
[OK] 音域回响 preset is selectable, bounded, saved, and driven by existing rhythm envelopes.

== Long press playlist/queue reorder guard ==
[OK] Long-press reorder stays on left playlist/queue panels and is disabled for 3D shelf cards.

== Playlist panel trigger guard ==
[OK] Playlist panel trigger, secondary-edge, bottom-control, and animation-duration guards are in sync.

== Shuffle queue order guard ==
[OK] Shuffle mode keeps the visible queue aligned with the actual playback order.

== Large playlist virtualization and progressive queue guard ==
[OK] 5k catalog=5.28ms/window 20; 10k queue=1 warm + 61 on-demand pages/window 26; one outer detail scroll; 3D pools retained.

== First-launch defaults and splash timing guard ==
[OK] 206 captured defaults match; splash cue pace is 0.72x of upstream (logo settles ~2.5s) with entry at 1.5s (0.65s reduced motion); archive actions stay in one row.

== Visual console workspace guard ==
[OK] Six task tabs, explicit grouping, scoped history, safe DOM cleanup, search, and responsive styles are wired.

== Electron runtime smoke check ==
[SKIP] Fast/static mode. Use quick-check.bat full to enable it.

All checks passed.
npm notice
npm notice New major version of npm available! 11.9.0 -> 12.2.0
npm notice Changelog: https://github.com/npm/cli/releases/tag/v12.2.0
npm notice To update run: npm install -g npm@12.2.0
npm notice
