npm warn Unknown env config "http-proxy". This will stop working in the next major version of npm.

> mineradio-remix@2.4.2 check
> node scripts/quick-check.js

App root: /workspace/scratch/b9368a61956a/automix-20261010/repo

== Node syntax check ==
[OK] Checked 183 JavaScript files.

== Playback audio graph track-switch regression ==
OK playback-audio-graph-recovery

== Background window and playback resume regression ==
OK background-window-state-recovery
OK playback-background-resume

== Playback source fallback finite transaction regression ==
OK playback-source-fallback-transaction

== Playback single-repeat loop regression ==
OK playback-single-repeat-loop

== Persistent local FLAC library regression ==
✔ FLAC tags, embedded cover and same-name LRC survive a full library reload (81.900467ms)
✔ subsequent imports append to the persistent library by default (5.179385ms)
✔ GB18030 sidecar lyrics and synchronized embedded lyrics normalize to readable LRC (0.527506ms)
✔ metadata and manifest failures preserve the last committed cover and index (7.571476ms)
✔ embedded cover budget rejects oversized pixel dimensions on low-spec devices (0.441145ms)
✔ renderer and Electron wiring restore persistent tracks instead of blob-only missing records (2.118166ms)
ℹ tests 6
ℹ suites 0
ℹ pass 6
ℹ fail 0
ℹ cancelled 0
ℹ skipped 0
ℹ todo 0
ℹ duration_ms 184.507294

== Persistent cross-provider built-in playlist regression ==
✔ built-in playlists persist mixed-provider songs without changing their source (12.884413ms)
✔ Electron and renderer wiring exposes built-in playlists in collection, panel, queue and shelf (2.015251ms)
ℹ tests 2
ℹ suites 0
ℹ pass 2
ℹ fail 0
ℹ cancelled 0
ℹ skipped 0
ℹ todo 0
ℹ duration_ms 92.926585

== Wallpaper Engine idle-dispose regression ==
✔ idle Wallpaper Engine runtime disposes as a verified clean state (1.720025ms)
✔ single DWM surface accepts bounded visual settings without another native layer (0.658423ms)
ℹ tests 2
ℹ suites 0
ℹ pass 2
ℹ fail 0
ℹ cancelled 0
ℹ skipped 0
ℹ todo 0
ℹ duration_ms 6.905891

== Wallpaper Engine minimize resident regression ==
OK wallpaper-engine-minimize-resident

== Wallpaper Engine Win10 yellow-border regression ==
[OK] Wallpaper Engine pak capture avoids Win10 display-capture yellow border fallback.

== Gesture camera permission regression ==
OK gesture-camera-permission

== Gesture player actions regression ==
OK gesture-player-actions

== Gesture camera runtime lifecycle regression ==
OK gesture-runtime-lifecycle

== Curated visual presets regression ==
OK curated-visual-presets

== Lyric clarity, WE visual controls, and portrait fullscreen regression ==
✔ translation lyrics share high clarity sampling and global bright-background avoidance (0.996485ms)
✔ cover particles share bright-background avoidance (0.361396ms)
✔ portrait fullscreen targets the display under the window center (1.19862ms)
✔ Wallpaper Engine controls persist and use the existing DWM surface (1.373765ms)
ℹ tests 4
ℹ suites 0
ℹ pass 4
ℹ fail 0
ℹ cancelled 0
ℹ skipped 0
ℹ todo 0
ℹ duration_ms 84.886561

== QQ/Kugou provider entitlement regression ==
[KugouSongUrl] hash: free-song album:  mix: 42 auth: guest tier: none
[KugouSongUrl] hash: member-fallback-song album:  mix: 0 auth: ready tier: svip
[KugouSongUrl] hash: preview-song album:  mix: 0 auth: ready tier: svip
[KugouSongUrl] hash: full-fallback-song album:  mix: 0 auth: ready tier: svip
[KugouSongUrl] hash: client-only-song album:  mix: 0 auth: ready tier: svip
[KugouSongUrl] hash: unavailable-song album:  mix: 0 auth: guest tier: none
[KugouSongUrl] hash: challenge-song album:  mix: 0 auth: guest tier: none
[KugouSongUrl] hash: challenge-stop album:  mix: 0 auth: ready tier: svip
[KugouSongUrl] hash: challenge-stop album:  mix: 0 auth: ready tier: svip
[KugouSongUrl] hash: preview-then-challenge album:  mix: 0 auth: ready tier: svip
✔ current official songinfo route includes the H5 signature and stable web UUID (8.154365ms)
[KugouSongUrl] hash: preview-then-challenge album:  mix: 0 auth: ready tier: svip
[KugouSongUrl] hash: structured-challenge album:  mix: 0 auth: guest tier: none
✔ transport and non-JSON failures reach the official retry host instead of breaking fallback (6.815844ms)
[KugouSongUrl] hash: structured-challenge album:  mix: 0 auth: guest tier: none
[KugouSongUrl] hash: structured-challenge album:  mix: 0 auth: guest tier: none
[KugouSongUrl] hash: invalid-challenge album:  mix: 0 auth: guest tier: none
[KugouSongUrl] hash: invalid-challenge album:  mix: 0 auth: guest tier: none
✔ official previews stay marked as previews in both fresh and cached responses (3.292593ms)
[KugouSongUrl] hash: invalid-challenge album:  mix: 0 auth: guest tier: none
[KugouSongUrl] hash: invalid-challenge album:  mix: 0 auth: guest tier: none
[KugouSongUrl] hash: invalid-challenge album:  mix: 0 auth: guest tier: none
[KugouSongUrl] hash: invalid-challenge album:  mix: 0 auth: guest tier: none
✔ a full authorized fallback can replace a preview without relabeling preview audio (1.755561ms)
[KugouSongUrl] hash: invalid-challenge album:  mix: 0 auth: guest tier: none
[KugouSongUrl] hash: invalid-challenge album:  mix: 0 auth: guest tier: none
[KugouSongUrl] hash: invalid-challenge album:  mix: 0 auth: guest tier: none
[KugouSongUrl] hash: invalid-challenge album:  mix: 0 auth: guest tier: none
✔ URL arrays select one valid address and failed gateway payloads cannot authorize audio (2.696993ms)
✔ upstream errors are distinct from non-membership and official security challenges are preserved (2.994793ms)
✔ an official challenge stops all endpoint and quality fallbacks and retains its URL and upstream code (2.042184ms)
✔ a security challenge wins over an earlier official preview and JSON HTTP failures preserve challenges (2.316349ms)
✔ clear upstream verification messages and structured challenge links cannot be mistaken for audio URLs (1.744385ms)
✔ missing and unsafe challenge URLs retain verification state without inventing a destination (3.799889ms)
✔ unknown or stale membership waits for verification without claiming non-membership or requesting paid audio (5.993101ms)
✔ login profile challenges preserve identity, deny playback readiness and stop membership probing (6.60798ms)
✔ web, primary and fallback VIP challenges survive login and stop subsequent probes without caching (4.101405ms)
[KugouSearch] fixture search limit: 3 offset: 0
✔ VIP probes are sequential and transport failures never become security verification (7.792789ms)
[KugouSearch] fixture search limit: 3 offset: 0
[KugouSearch] page test limit: 3 offset: 2
✔ membership security challenges also terminate playback before any audio request (0.733848ms)
✔ search failures are rejected and not cached as an empty successful search (1.559055ms)
✔ search offsets cross page boundaries without returning preceding tracks (1.346203ms)
✔ Cookie object helpers preserve login identity and lyrics decode official base64 content (1.015704ms)
✔ personal-library failures retain an explicit upstream code and are retried instead of cached as empty (1.45041ms)
✔ malformed personal-library and track payloads cannot become successful cached empty libraries (1.362598ms)
✔ personal library reads every page, not just the first 50 playlists (1.29085ms)
✔ failed later pages retain loaded playlists and retry to a complete library (1.991798ms)
✔ page limit is explicit with or without totals, but a known complete final page succeeds (18.487932ms)
✔ cloudlist connection rejection stays a failure with an explicit recovery action (0.504412ms)
✔ cloudlist library and created-list tracks use the Android contract, retaining failure codes (0.829352ms)
✔ Android tracker signs all parameters and does not request an unnecessary preview (0.592014ms)
✔ Kugou ordinary login keeps a reusable session without clearing storage (4.769083ms)
✔ Kugou explicit re-login discards a revoked token before reuse and completes with a fresh session (8.801478ms)
✔ Kugou only literal true requests storage clearing (3.159222ms)
✔ Kugou cancelled re-login never returns the discarded session (1.634158ms)
✔ Kugou renderer re-login options reach the main handler without an unlock step (2.679447ms)
✔ Kugou website fallback is an interactive visible window, not a QR-only screenshot (1.731174ms)
✔ Kugou verification stays visible with existing playback cookies, keeps the session and closes without claiming success (2.601659ms)
✔ Kugou verification rejects unsafe challenge URLs before opening a window (3.480517ms)
✔ Kugou navigation and popups cannot leave official HTTPS hosts or invoke an external app (1.735401ms)
✔ a visible security challenge during website login takes precedence over complete cookies (1.362498ms)
✔ new Kugou verification replaces an older window and logout cancels all login activity before clearing cookies (1.573066ms)
✔ Kugou redirect guard supports current Electron details and leaves captcha subframes usable (1.103937ms)
✔ untrusted renderers cannot launch Kugou login or clear its session (1.381797ms)
✔ logout while cookie reuse is pending cannot create a late Kugou window or return success (0.797885ms)
✔ DOM-ready and full-load share the pending challenge check before any login-entry click (2.247494ms)
[OK] Kugou VIP hardening: web roles are source-scoped, expiry-aware, and cannot overgrant music-package accounts.
✔ /workspace/scratch/b9368a61956a/automix-20261010/repo/tests/kugou-vip-hardening.test.js (80.346705ms)
[KugouSongUrl] hash: ordinary-free-track-hash album:  mix: 0 auth: ready tier: none
[KugouSongUrl] hash: verified-vip-track-hash album:  mix: 0 auth: ready tier: vip
[KugouSongUrl] hash: music-package-track-hash album:  mix: 0 auth: ready tier: none
[OK] Provider entitlement boundaries reject false VIP signals and protect restricted URLs.
✔ /workspace/scratch/b9368a61956a/automix-20261010/repo/tests/provider-entitlement-boundary.test.js (120.149758ms)
✔ catalogue credentials cannot become a Qishui account or playback authorization (5.40328ms)
✔ API timeout remains active while a response body is stalled (8.453317ms)
✔ temporary provider errors retain account identity without claiming current authorization (2.916474ms)
✔ JSON error responses are also treated as temporary status failures (1.47654ms)
✔ officially expired Qishui session clears account and asks for a new scan (1.539596ms)
✔ unknown membership does not overwrite verified audit history as a normal account (1.415217ms)
✔ the shared badge retains QQ pending and verified ordinary account states (1.638214ms)
✔ an old saved cookie cannot confirm a waiting or expired QR attempt (6.203249ms)
✔ only a newly confirmed and valid QR session is saved (4.658996ms)
✔ a Qishui QR confirmation that resolves after logout is not saved (1.588178ms)
✔ a rejected fresh session stops the QR poll and displays a rescan action (2.996385ms)
[OK] QQ VIP entitlement regression tests passed
✔ /workspace/scratch/b9368a61956a/automix-20261010/repo/tests/qq-vip-entitlement.test.js (107.54398ms)
ℹ tests 55
ℹ suites 0
ℹ pass 55
ℹ fail 0
ℹ cancelled 0
ℹ skipped 0
ℹ todo 0
ℹ duration_ms 188.064307

== Direct account binding entry regression ==
OK login-entry-direct

== Qishui provider distribution, entitlement, and signed Passport QR regression ==
[OK] Qishui account membership, expiry TTL, and account-scoped metadata cache verified.
✔ /workspace/scratch/b9368a61956a/automix-20261010/repo/tests/qishui-entitlement-cache.test.js (88.503875ms)
✔ Qishui Passport QR bridge persists a confirmed official web session and clears it (3.562019ms)
✔ an old saved cookie or superseded QR poll cannot confirm a new login (0.882103ms)
✔ Qishui login product surface uses only the signed Passport QR flow (4.566447ms)
[OK] Qishui search pagination and official-session account boundary verified.
✔ /workspace/scratch/b9368a61956a/automix-20261010/repo/tests/qishui-provider-distribution.test.js (88.931891ms)
✔ expired official session cannot become a successful status or an empty synchronized library (7.099453ms)
✔ a transient profile failure stays unknown and immediately recovers on retry (3.190298ms)
✔ HTTP 200 with missing account identity cannot validate saved cookies (2.022796ms)
✔ personal playlists load without waiting for recommendation feeds and partial failures are retried (2.283749ms)
✔ empty PC responses keep public search available but identify an expired playback session (4.119691ms)
✔ a failed player-info resolution retries immediately and cached audio cannot override stricter rights (3.390421ms)
✔ playback settles under a wall-clock deadline even when DNS or the response never emits an event (22.789118ms)
✔ an explicit numeric end-of-search flag stops pagination even when the final page is full (1.016024ms)
✔ created playlists follow the cursor past the first 50; a response without paging fields stays one page (2.639557ms)
✔ a library with more pages at the safety limit stays incomplete and is not cached as complete (6.321807ms)
✔ has_more with a missing or unchanged cursor cannot become a completed library (0.938187ms)
✔ VIP may use lossless but cannot use Hi-Res reserved for explicit SVIP (1.704785ms)
✔ unknown membership never grants a premium stream (0.519555ms)
✔ SVIP-only track flags are normalized and gated independently from VIP (0.708279ms)
✔ VIP and SVIP expiry fields are evaluated independently (1.163207ms)
✔ a same-cookie official positive survives only a short immediate outage (0.448157ms)
✔ unknown without positive history is not converted to an ordinary account (0.286072ms)
✔ an official positive is never retained beyond its expiry (0.177267ms)
ℹ tests 23
ℹ suites 0
ℹ pass 23
ℹ fail 0
ℹ cancelled 0
ℹ skipped 0
ℹ todo 0
ℹ duration_ms 169.246298

== Provider removal, fullscreen DIY, and cinematic preload regression ==
✔ removed provider has no user-facing or callable login surface (5.213954ms)
✔ fullscreen DIY control follows the bottom-most visible account pill (0.23824ms)
✔ full-track cinematic analysis waits for playback and retries bounded failures (0.259041ms)
ℹ tests 3
ℹ suites 0
ℹ pass 3
ℹ fail 0
ℹ cancelled 0
ℹ skipped 0
ℹ todo 0
ℹ duration_ms 89.269525

== Visual performance controls regression ==
✔ visual performance controls are visible and persisted without reordering old MR2 fields (2.294545ms)
✔ disabled controls bypass the expensive lyric and particle paths (0.654638ms)
ℹ tests 2
ℹ suites 0
ℹ pass 2
ℹ fail 0
ℹ cancelled 0
ℹ skipped 0
ℹ todo 0
ℹ duration_ms 81.925569

== Platform account action and listen-sync guard ==
[OK] Platform account actions, provider-affine listen reports, and truthful duration-sync boundaries are guarded.

== Complete daily recommendation data and bounded rendering regression ==
✔ daily recommendation modal consumes the full frontend dataset without an eight-song slice (1.429229ms)
✔ daily recommendation viewport range exposes every index while keeping each DOM window bounded (1.829834ms)
✔ virtualized daily cards preserve absolute indexes and full-queue playback (0.598554ms)
✔ daily viewport updates are scroll-driven and animation-frame throttled (0.394195ms)
✔ daily recommendation mapper preserves every valid upstream song in order (3.233904ms)
✔ discover home returns the complete mapped daily list without a fixed song cap (0.586235ms)
✔ discover home does not request or return recommended podcasts (0.349207ms)
ℹ tests 7
ℹ suites 0
ℹ pass 7
ℹ fail 0
ℹ cancelled 0
ℹ skipped 0
ℹ todo 0
ℹ duration_ms 91.704493

== Combined index module parse ==
[OK] Combined classic script parses. Modules: 131.

== Forbidden FSR/DLSS/native FG scan ==
[OK] No FSR/DLSS/native FG markers in 185 scanned files.

== Main window chrome guard ==
[OK] Main player window still uses frame:false and transparent:true.

== Background transparency controls guard ==
[OK] Background window opacity and gated glass opacity controls are wired through UI, CSS, runtime, persistence, and archives.

== Wallpaper Engine additive import guard ==
[OK] Independent layer, native Scene runtime, opaque IPC IDs, path containment, safe previews, Range streaming, and original-background restore are guarded.

== Desktop wallpaper mode guard ==
[OK] Legacy canvas backdrop is forbidden; the complete Mineradio HUD, recoverable software lock, desktop-icon switch, click-outside close, Escape exit, native watcher recovery, single WE DWM layering, and ordered cleanup are guarded.

== Desktop window adaptation guard ==
[OK] Desktop shell adapts portrait displays and window minimize/restore animation.

== Lyric layout range guard ==
[OK] Lyric layout position/depth/angle ranges stay expanded through UI, runtime, autosave, and archives.

== Free camera pointer-lock guard ==
[OK] Local app pointerLock permission and plain lock request are guarded.

== Progress drag seek guard ==
[OK] Progress drag previews visually and commits audio seek on release.

== Lyric backface readability guard ==
[OK] Lyric translation/readability/glow layers stay readable from the back side.

== Lyric scroll performance guard ==
[OK] Lyric scrolling keeps one persistent whole-song text runway, bounded effect layers, realtime continuous drag, and warm lyric activation.

== Persistent cache storage guard ==
[OK] Persistent lyric and application cache paths are configurable and report current usage.

== External update page bridge guard ==
✔ the latest Release body supplies two new pages and the announcement without stale visible links (5.124918ms)
✔ a source build reads only the bold 更新重点 phrases, not the heading or explanations (1.464992ms)
✔ explicit manifest pages replace legacy URL aliases instead of appending a retired third source (1.032359ms)
✔ an explicitly empty or unsafe list retires legacy sources while old single-page manifests remain compatible (1.512885ms)
✔ renderer replaces three old sources with two latest sources and opens only the selected new page (3.273823ms)
✔ renderer clears retired sources and previous notes when the next payload omits the announcement (0.795641ms)
✔ renderer preserves the legacy single-page response when no explicit list is supplied (0.745846ms)
✔ release update metadata accepts only a bounded HTTPS external page (1.300443ms)
✔ removed local update routes stay disabled and their workers stay absent (0.995393ms)
✔ release body preserves all three labelled HTTPS download pages (2.314535ms)
✔ renderer opens the external page without local installer or patch calls (0.266903ms)
ℹ tests 11
ℹ suites 0
ℹ pass 11
ℹ fail 0
ℹ cancelled 0
ℹ skipped 0
ℹ todo 0
ℹ duration_ms 104.096221
[OK] Updates use a trusted HTTPS-only external-page bridge with no local installer path.

== Netease lyric translation guard ==
[OK] Netease tlyric/ytlrc translation merge is guarded.

== Lyric vertical float toggle guard ==
[OK] Lyric vertical float toggle is wired through UI, persistence, archive, and render layers.

== Qishui provider guard ==
[OK] Qishui search/lyric fallback stays usable without third-party playback proxy.

== Removed provider surface guard ==
[OK] Removed provider has no searchable, login, account-capsule, startup, HTTP, or desktop IPC surface.

== Playback control source/VIP badge guard ==
[OK] Bottom player title shows source and VIP badges without stretching the control bar.

== Provider fallback transaction and terminal-state guard ==
[OK] Provider fallback respects active credentials, commits after playback, and reaches a clean terminal state.

== Search cancellation, retry and deadline regression ==
✔ QQ slow main search reserves fallback and short detail budgets within 7s (3.476479ms)
✔ QQ full rows skip detail enrichment and late incomplete rows skip it too (1.081533ms)
✔ QQ errors propagate on later pages and failed-main empty fallbacks; real empty pages remain empty (1.737334ms)
✔ QQ full search forwards timeout and rejects upstream status errors (1.229717ms)
✔ QQ Smartbox fallback forwards its deadline and overview issues only one request (1.998688ms)
✔ QQ detail forwards the short enrichment timeout (0.892989ms)
✔ Qishui slow PC search leaves public fallback enough time before frontend 8s (1.934111ms)
✔ Qishui PC plus token failure still reserves public fallback in the same deadline (1.110918ms)
✔ Qishui optional membership probe cannot consume the public fallback reserve (1.178029ms)
✔ Qishui immediate expired membership still annotates fallback session state (1.904335ms)
✔ Qishui request helpers pass search budgets through to HTTP requests (1.572124ms)
✔ expired shared budgets throw rather than become HTTP default timeouts (1.270308ms)
✔ Qishui public-only search uses the total budget without touching PC or token routes (0.790304ms)
✔ Qishui exhausted budget prevents starting another provider request (0.99367ms)
✔ Qishui successful PC rows avoid fallback and token work (1.001513ms)
✔ Qishui later pages bypass token route and preserve public offsets (0.87446ms)
✔ nested user resolve cannot repaint after clear (3.131298ms)
✔ nested user resolve cannot repaint after input-empty (1.073712ms)
✔ nested user resolve cannot repaint after escape (1.089085ms)
✔ nested user resolve cannot repaint after provider (0.973861ms)
✔ nested user resolve cannot repaint after query (0.891476ms)
✔ nested user resolve cannot repaint after type (0.944676ms)
✔ nested user resolve cannot repaint after back (1.019519ms)
✔ nested user resolve cannot repaint after replace (1.894471ms)
✔ nested user reject cannot repaint after clear (1.157277ms)
✔ nested user reject cannot repaint after input-empty (1.020691ms)
✔ nested user reject cannot repaint after escape (0.911066ms)
✔ nested user reject cannot repaint after provider (0.875182ms)
✔ nested user reject cannot repaint after query (0.77458ms)
✔ nested user reject cannot repaint after type (0.932197ms)
✔ nested user reject cannot repaint after back (1.093241ms)
✔ nested user reject cannot repaint after replace (1.166141ms)
✔ nested user failure can retry and retains original users for back navigation (1.690322ms)
✔ IME Enter never prevents candidate confirmation or submits unfinished pinyin (0.751715ms)
✔ explicit search cancels queued debounce even when typed route is used (1.11948ms)
✔ all failed providers retain retriable offsets, distinguish genuine empty, and retry only failures (2.661699ms)
✔ all-provider failure paints retry, never a no-results message (1.799678ms)
✔ music next page is aborted on clear and ignores late resolution (1.279462ms)
✔ failed typed page stops automatic retry; manual retry keeps offset and only retries failed provider (1.997717ms)
✔ typed initial transport/timeout failure renders a retry control instead of no matches (3.767108ms)
✔ mode switch cancels a queued input debounce before starting the new provider (0.818285ms)
✔ old typed page cannot own a nested/back search after late resolve (1.461167ms)
✔ old typed page cannot own a nested/back search after late reject (1.115384ms)
✔ outside dismissal stops late nested resolve and focus restarts interrupted query (1.220092ms)
✔ outside dismissal stops late nested reject and focus restarts interrupted query (0.865918ms)
✔ outside dismissal preserves completed rows and makes typed paging current on focus (0.971316ms)
✔ completed songs ignore abandoned typed partial state when closing and refocusing (0.877645ms)
ℹ tests 47
ℹ suites 0
ℹ pass 47
ℹ fail 0
ℹ cancelled 0
ℹ skipped 0
ℹ todo 0
ℹ duration_ms 137.93377

== Search glass entrance guard ==
[OK] Search glass uses the saved RGB SVG surface and is composited before the search panel appears.

== Provider entitlement boundary guard ==
[OK] Provider account membership and per-track playback entitlement remain separated.

== QQ VIP status refresh guard ==
[OK] QQ membership status can be force-refreshed after renewals.

== Provider auth cookie path guard ==
[OK] Provider auth cookies stay on userData paths and QQ partial login is explicit.

== Long-pause playback resume recovery guard ==
[OK] Long-pause resume recovery refreshes expired provider URLs across providers.

== Audio output workflow panel guard ==
[OK] Audio output workflow opens as a dedicated wiring panel and leaves settings compact.

== Volume wheel step guard ==
[OK] Volume wheel step is 1%.

== Non-current audio prefetch guard ==
[OK] Non-current audio URL prefetch stays disabled by default.

== Cuefield AutoMix integration guard ==
[OK] Cuefield AutoMix is opt-in, packages with the app, uses local feedback, and reuses safe handoff controls.

== Album detail and explicit gapless guard ==
[OK] Album detail opens from covers, loads provider album tracks, and gapless playback is explicit/preheated/sequential.

== Internal beta packaging guard ==
[OK] Internal beta packaging stays isolated, closed-channel, and non-publishing.

== Sonic topography visual preset guard ==
[OK] 音域回响 preset is selectable, bounded, saved, and driven by existing rhythm envelopes.

== Long press playlist/queue reorder guard ==
[OK] Long-press reorder stays on left playlist/queue panels and is disabled for 3D shelf cards.

== Playlist panel trigger guard ==
[OK] Playlist panel trigger, secondary-edge, bottom-control, and animation-duration guards are in sync.

== Shuffle queue order guard ==
[OK] Shuffle mode keeps the visible queue aligned with the actual playback order.

== Large playlist virtualization and progressive queue guard ==
[OK] 5k catalog=5.07ms/window 20; 10k queue=1 warm + 61 on-demand pages/window 26; one outer detail scroll; 3D pools retained.

== First-launch defaults and splash timing guard ==
[OK] 206 captured defaults match; splash cue pace is 0.72x of upstream (logo settles ~2.5s) with entry at 1.5s (0.65s reduced motion); archive actions stay in one row.

== Visual console workspace guard ==
[OK] Six task tabs, explicit grouping, scoped history, safe DOM cleanup, search, and responsive styles are wired.

== Electron runtime smoke check ==
[SKIP] Fast/static mode. Use quick-check.bat full to enable it.

All checks passed.
npm notice
npm notice New major version of npm available! 11.9.0 -> 12.2.0
npm notice Changelog: https://github.com/npm/cli/releases/tag/v12.2.0
npm notice To update run: npm install -g npm@12.2.0
npm notice
