npm warn Unknown env config "http-proxy". This will stop working in the next major version of npm.

> mineradio-remix@2.4.2 check
> node scripts/quick-check.js

App root: /workspace/scratch/b9368a61956a/automix-20261010/repo

== Node syntax check ==
[OK] Checked 183 JavaScript files.

== Playback audio graph track-switch regression ==
OK playback-audio-graph-recovery

== Background window and playback resume regression ==
OK background-window-state-recovery
OK playback-background-resume

== Playback source fallback finite transaction regression ==
OK playback-source-fallback-transaction

== Playback single-repeat loop regression ==
OK playback-single-repeat-loop

== Persistent local FLAC library regression ==
✔ FLAC tags, embedded cover and same-name LRC survive a full library reload (71.766623ms)
✔ subsequent imports append to the persistent library by default (4.247599ms)
✔ GB18030 sidecar lyrics and synchronized embedded lyrics normalize to readable LRC (0.559074ms)
✔ metadata and manifest failures preserve the last committed cover and index (5.495312ms)
✔ embedded cover budget rejects oversized pixel dimensions on low-spec devices (0.228585ms)
✔ renderer and Electron wiring restore persistent tracks instead of blob-only missing records (2.303666ms)
ℹ tests 6
ℹ suites 0
ℹ pass 6
ℹ fail 0
ℹ cancelled 0
ℹ skipped 0
ℹ todo 0
ℹ duration_ms 175.054948

== Persistent cross-provider built-in playlist regression ==
✔ built-in playlists persist mixed-provider songs without changing their source (16.949845ms)
✔ Electron and renderer wiring exposes built-in playlists in collection, panel, queue and shelf (3.187158ms)
ℹ tests 2
ℹ suites 0
ℹ pass 2
ℹ fail 0
ℹ cancelled 0
ℹ skipped 0
ℹ todo 0
ℹ duration_ms 128.262922

== Wallpaper Engine idle-dispose regression ==
✔ idle Wallpaper Engine runtime disposes as a verified clean state (2.487013ms)
✔ single DWM surface accepts bounded visual settings without another native layer (0.966688ms)
ℹ tests 2
ℹ suites 0
ℹ pass 2
ℹ fail 0
ℹ cancelled 0
ℹ skipped 0
ℹ todo 0
ℹ duration_ms 9.999618

== Wallpaper Engine minimize resident regression ==
OK wallpaper-engine-minimize-resident

== Wallpaper Engine Win10 yellow-border regression ==
[OK] Wallpaper Engine pak capture avoids Win10 display-capture yellow border fallback.

== Gesture camera permission regression ==
OK gesture-camera-permission

== Gesture player actions regression ==
OK gesture-player-actions

== Gesture camera runtime lifecycle regression ==
OK gesture-runtime-lifecycle

== Curated visual presets regression ==
OK curated-visual-presets

== Lyric clarity, WE visual controls, and portrait fullscreen regression ==
✔ translation lyrics share high clarity sampling and global bright-background avoidance (1.001461ms)
✔ cover particles share bright-background avoidance (0.36488ms)
✔ portrait fullscreen targets the display under the window center (1.136424ms)
✔ Wallpaper Engine controls persist and use the existing DWM surface (1.494495ms)
ℹ tests 4
ℹ suites 0
ℹ pass 4
ℹ fail 0
ℹ cancelled 0
ℹ skipped 0
ℹ todo 0
ℹ duration_ms 87.238043

== QQ/Kugou provider entitlement regression ==
[KugouSongUrl] hash: free-song album:  mix: 42 auth: guest tier: none
[KugouSongUrl] hash: member-fallback-song album:  mix: 0 auth: ready tier: svip
[KugouSongUrl] hash: preview-song album:  mix: 0 auth: ready tier: svip
[KugouSongUrl] hash: full-fallback-song album:  mix: 0 auth: ready tier: svip
[KugouSongUrl] hash: client-only-song album:  mix: 0 auth: ready tier: svip
[KugouSongUrl] hash: unavailable-song album:  mix: 0 auth: guest tier: none
[KugouSongUrl] hash: challenge-song album:  mix: 0 auth: guest tier: none
[KugouSongUrl] hash: challenge-stop album:  mix: 0 auth: ready tier: svip
[KugouSongUrl] hash: challenge-stop album:  mix: 0 auth: ready tier: svip
[KugouSongUrl] hash: preview-then-challenge album:  mix: 0 auth: ready tier: svip
✔ current official songinfo route includes the H5 signature and stable web UUID (10.815989ms)
[KugouSongUrl] hash: preview-then-challenge album:  mix: 0 auth: ready tier: svip
[KugouSongUrl] hash: structured-challenge album:  mix: 0 auth: guest tier: none
✔ transport and non-JSON failures reach the official retry host instead of breaking fallback (10.646023ms)
[KugouSongUrl] hash: structured-challenge album:  mix: 0 auth: guest tier: none
[KugouSongUrl] hash: structured-challenge album:  mix: 0 auth: guest tier: none
[KugouSongUrl] hash: invalid-challenge album:  mix: 0 auth: guest tier: none
[KugouSongUrl] hash: invalid-challenge album:  mix: 0 auth: guest tier: none
✔ official previews stay marked as previews in both fresh and cached responses (4.561362ms)
[KugouSongUrl] hash: invalid-challenge album:  mix: 0 auth: guest tier: none
[KugouSongUrl] hash: invalid-challenge album:  mix: 0 auth: guest tier: none
[KugouSongUrl] hash: invalid-challenge album:  mix: 0 auth: guest tier: none
[KugouSongUrl] hash: invalid-challenge album:  mix: 0 auth: guest tier: none
✔ a full authorized fallback can replace a preview without relabeling preview audio (2.586772ms)
[KugouSongUrl] hash: invalid-challenge album:  mix: 0 auth: guest tier: none
[KugouSongUrl] hash: invalid-challenge album:  mix: 0 auth: guest tier: none
[KugouSongUrl] hash: invalid-challenge album:  mix: 0 auth: guest tier: none
[KugouSongUrl] hash: invalid-challenge album:  mix: 0 auth: guest tier: none
✔ URL arrays select one valid address and failed gateway payloads cannot authorize audio (2.872695ms)
✔ upstream errors are distinct from non-membership and official security challenges are preserved (3.708465ms)
✔ an official challenge stops all endpoint and quality fallbacks and retains its URL and upstream code (2.423146ms)
✔ a security challenge wins over an earlier official preview and JSON HTTP failures preserve challenges (3.219638ms)
✔ clear upstream verification messages and structured challenge links cannot be mistaken for audio URLs (2.372029ms)
✔ missing and unsafe challenge URLs retain verification state without inventing a destination (5.257303ms)
✔ unknown or stale membership waits for verification without claiming non-membership or requesting paid audio (6.652998ms)
✔ login profile challenges preserve identity, deny playback readiness and stop membership probing (6.684796ms)
✔ web, primary and fallback VIP challenges survive login and stop subsequent probes without caching (3.935188ms)
[KugouSearch] fixture search limit: 3 offset: 0
✔ VIP probes are sequential and transport failures never become security verification (8.750903ms)
[KugouSearch] fixture search limit: 3 offset: 0
[KugouSearch] page test limit: 3 offset: 2
✔ membership security challenges also terminate playback before any audio request (0.683872ms)
✔ search failures are rejected and not cached as an empty successful search (1.502107ms)
✔ search offsets cross page boundaries without returning preceding tracks (1.256887ms)
✔ Cookie object helpers preserve login identity and lyrics decode official base64 content (0.729881ms)
✔ personal-library failures retain an explicit upstream code and are retried instead of cached as empty (1.040109ms)
✔ malformed personal-library and track payloads cannot become successful cached empty libraries (1.592082ms)
✔ personal library reads every page, not just the first 50 playlists (1.177617ms)
✔ failed later pages retain loaded playlists and retry to a complete library (1.94221ms)
✔ page limit is explicit with or without totals, but a known complete final page succeeds (18.768067ms)
✔ cloudlist connection rejection stays a failure with an explicit recovery action (0.627597ms)
✔ cloudlist library and created-list tracks use the Android contract, retaining failure codes (0.899057ms)
✔ Android tracker signs all parameters and does not request an unnecessary preview (0.587106ms)
✔ Kugou ordinary login keeps a reusable session without clearing storage (3.650848ms)
✔ Kugou explicit re-login discards a revoked token before reuse and completes with a fresh session (6.68029ms)
✔ Kugou only literal true requests storage clearing (3.527532ms)
✔ Kugou cancelled re-login never returns the discarded session (1.740586ms)
✔ Kugou renderer re-login options reach the main handler without an unlock step (3.819263ms)
✔ Kugou website fallback is an interactive visible window, not a QR-only screenshot (2.169684ms)
✔ Kugou verification stays visible with existing playback cookies, keeps the session and closes without claiming success (3.367441ms)
✔ Kugou verification rejects unsafe challenge URLs before opening a window (4.231494ms)
✔ Kugou navigation and popups cannot leave official HTTPS hosts or invoke an external app (1.960408ms)
✔ a visible security challenge during website login takes precedence over complete cookies (1.596679ms)
✔ new Kugou verification replaces an older window and logout cancels all login activity before clearing cookies (1.580425ms)
✔ Kugou redirect guard supports current Electron details and leaves captcha subframes usable (1.485431ms)
✔ untrusted renderers cannot launch Kugou login or clear its session (1.119569ms)
✔ logout while cookie reuse is pending cannot create a late Kugou window or return success (0.560957ms)
✔ DOM-ready and full-load share the pending challenge check before any login-entry click (2.09455ms)
[OK] Kugou VIP hardening: web roles are source-scoped, expiry-aware, and cannot overgrant music-package accounts.
✔ /workspace/scratch/b9368a61956a/automix-20261010/repo/tests/kugou-vip-hardening.test.js (80.625895ms)
[KugouSongUrl] hash: ordinary-free-track-hash album:  mix: 0 auth: ready tier: none
[KugouSongUrl] hash: verified-vip-track-hash album:  mix: 0 auth: ready tier: vip
[KugouSongUrl] hash: music-package-track-hash album:  mix: 0 auth: ready tier: none
[OK] Provider entitlement boundaries reject false VIP signals and protect restricted URLs.
✔ /workspace/scratch/b9368a61956a/automix-20261010/repo/tests/provider-entitlement-boundary.test.js (124.968385ms)
✔ catalogue credentials cannot become a Qishui account or playback authorization (4.623086ms)
✔ API timeout remains active while a response body is stalled (7.572446ms)
✔ temporary provider errors retain account identity without claiming current authorization (2.896841ms)
✔ JSON error responses are also treated as temporary status failures (1.754377ms)
✔ officially expired Qishui session clears account and asks for a new scan (2.340642ms)
✔ unknown membership does not overwrite verified audit history as a normal account (1.533885ms)
✔ the shared badge retains QQ pending and verified ordinary account states (2.693855ms)
✔ an old saved cookie cannot confirm a waiting or expired QR attempt (8.711956ms)
✔ only a newly confirmed and valid QR session is saved (8.909653ms)
✔ a Qishui QR confirmation that resolves after logout is not saved (3.752142ms)
✔ a rejected fresh session stops the QR poll and displays a rescan action (3.217434ms)
[OK] QQ VIP entitlement regression tests passed
✔ /workspace/scratch/b9368a61956a/automix-20261010/repo/tests/qq-vip-entitlement.test.js (111.900288ms)
ℹ tests 55
ℹ suites 0
ℹ pass 55
ℹ fail 0
ℹ cancelled 0
ℹ skipped 0
ℹ todo 0
ℹ duration_ms 208.361061

== Direct account binding entry regression ==
OK login-entry-direct

== Qishui provider distribution, entitlement, and signed Passport QR regression ==
[OK] Qishui account membership, expiry TTL, and account-scoped metadata cache verified.
✔ /workspace/scratch/b9368a61956a/automix-20261010/repo/tests/qishui-entitlement-cache.test.js (99.183942ms)
✔ Qishui Passport QR bridge persists a confirmed official web session and clears it (4.485267ms)
✔ an old saved cookie or superseded QR poll cannot confirm a new login (0.925617ms)
✔ Qishui login product surface uses only the signed Passport QR flow (4.565048ms)
[OK] Qishui search pagination and official-session account boundary verified.
✔ /workspace/scratch/b9368a61956a/automix-20261010/repo/tests/qishui-provider-distribution.test.js (82.84553ms)
✔ expired official session cannot become a successful status or an empty synchronized library (8.708169ms)
✔ a transient profile failure stays unknown and immediately recovers on retry (5.758894ms)
✔ HTTP 200 with missing account identity cannot validate saved cookies (2.237236ms)
✔ personal playlists load without waiting for recommendation feeds and partial failures are retried (3.754766ms)
✔ empty PC responses keep public search available but identify an expired playback session (5.396132ms)
✔ a failed player-info resolution retries immediately and cached audio cannot override stricter rights (4.339487ms)
✔ playback settles under a wall-clock deadline even when DNS or the response never emits an event (23.404503ms)
✔ an explicit numeric end-of-search flag stops pagination even when the final page is full (1.456848ms)
✔ created playlists follow the cursor past the first 50; a response without paging fields stays one page (3.782317ms)
✔ a library with more pages at the safety limit stays incomplete and is not cached as complete (10.467193ms)
✔ has_more with a missing or unchanged cursor cannot become a completed library (1.295755ms)
✔ VIP may use lossless but cannot use Hi-Res reserved for explicit SVIP (1.619463ms)
✔ unknown membership never grants a premium stream (0.279832ms)
✔ SVIP-only track flags are normalized and gated independently from VIP (0.43703ms)
✔ VIP and SVIP expiry fields are evaluated independently (1.10002ms)
✔ a same-cookie official positive survives only a short immediate outage (0.446263ms)
✔ unknown without positive history is not converted to an ordinary account (0.266602ms)
✔ an official positive is never retained beyond its expiry (0.167032ms)
ℹ tests 23
ℹ suites 0
ℹ pass 23
ℹ fail 0
ℹ cancelled 0
ℹ skipped 0
ℹ todo 0
ℹ duration_ms 193.057481

== Provider removal, fullscreen DIY, and cinematic preload regression ==
✔ removed provider has no user-facing or callable login surface (5.014055ms)
✔ fullscreen DIY control follows the bottom-most visible account pill (0.293924ms)
✔ full-track cinematic analysis waits for playback and retries bounded failures (0.263949ms)
ℹ tests 3
ℹ suites 0
ℹ pass 3
ℹ fail 0
ℹ cancelled 0
ℹ skipped 0
ℹ todo 0
ℹ duration_ms 85.201716

== Visual performance controls regression ==
✔ visual performance controls are visible and persisted without reordering old MR2 fields (2.22687ms)
✔ disabled controls bypass the expensive lyric and particle paths (0.609039ms)
ℹ tests 2
ℹ suites 0
ℹ pass 2
ℹ fail 0
ℹ cancelled 0
ℹ skipped 0
ℹ todo 0
ℹ duration_ms 80.55262

== Platform account action and listen-sync guard ==
[OK] Platform account actions, provider-affine listen reports, and truthful duration-sync boundaries are guarded.

== Complete daily recommendation data and bounded rendering regression ==
✔ daily recommendation modal consumes the full frontend dataset without an eight-song slice (1.293281ms)
✔ daily recommendation viewport range exposes every index while keeping each DOM window bounded (1.303286ms)
✔ virtualized daily cards preserve absolute indexes and full-queue playback (0.658934ms)
✔ daily viewport updates are scroll-driven and animation-frame throttled (0.417961ms)
✔ daily recommendation mapper preserves every valid upstream song in order (2.492711ms)
✔ discover home returns the complete mapped daily list without a fixed song cap (0.548097ms)
✔ discover home does not request or return recommended podcasts (0.336548ms)
ℹ tests 7
ℹ suites 0
ℹ pass 7
ℹ fail 0
ℹ cancelled 0
ℹ skipped 0
ℹ todo 0
ℹ duration_ms 96.954954

== Combined index module parse ==
[OK] Combined classic script parses. Modules: 131.

== Forbidden FSR/DLSS/native FG scan ==
[OK] No FSR/DLSS/native FG markers in 185 scanned files.

== Main window chrome guard ==
[OK] Main player window still uses frame:false and transparent:true.

== Background transparency controls guard ==
[OK] Background window opacity and gated glass opacity controls are wired through UI, CSS, runtime, persistence, and archives.

== Wallpaper Engine additive import guard ==
[OK] Independent layer, native Scene runtime, opaque IPC IDs, path containment, safe previews, Range streaming, and original-background restore are guarded.

== Desktop wallpaper mode guard ==
[OK] Legacy canvas backdrop is forbidden; the complete Mineradio HUD, recoverable software lock, desktop-icon switch, click-outside close, Escape exit, native watcher recovery, single WE DWM layering, and ordered cleanup are guarded.

== Desktop window adaptation guard ==
[OK] Desktop shell adapts portrait displays and window minimize/restore animation.

== Lyric layout range guard ==
[OK] Lyric layout position/depth/angle ranges stay expanded through UI, runtime, autosave, and archives.

== Free camera pointer-lock guard ==
[OK] Local app pointerLock permission and plain lock request are guarded.

== Progress drag seek guard ==
[OK] Progress drag previews visually and commits audio seek on release.

== Lyric backface readability guard ==
[OK] Lyric translation/readability/glow layers stay readable from the back side.

== Lyric scroll performance guard ==
[OK] Lyric scrolling keeps one persistent whole-song text runway, bounded effect layers, realtime continuous drag, and warm lyric activation.

== Persistent cache storage guard ==
[OK] Persistent lyric and application cache paths are configurable and report current usage.

== External update page bridge guard ==
✔ the latest Release body supplies two new pages and the announcement without stale visible links (4.752671ms)
✔ a source build reads only the bold 更新重点 phrases, not the heading or explanations (1.231859ms)
✔ explicit manifest pages replace legacy URL aliases instead of appending a retired third source (0.90128ms)
✔ an explicitly empty or unsafe list retires legacy sources while old single-page manifests remain compatible (0.701959ms)
✔ renderer replaces three old sources with two latest sources and opens only the selected new page (2.375484ms)
✔ renderer clears retired sources and previous notes when the next payload omits the announcement (1.204687ms)
✔ renderer preserves the legacy single-page response when no explicit list is supplied (0.782391ms)
✔ release update metadata accepts only a bounded HTTPS external page (1.051376ms)
✔ removed local update routes stay disabled and their workers stay absent (1.130505ms)
✔ release body preserves all three labelled HTTPS download pages (2.765653ms)
✔ renderer opens the external page without local installer or patch calls (0.483299ms)
ℹ tests 11
ℹ suites 0
ℹ pass 11
ℹ fail 0
ℹ cancelled 0
ℹ skipped 0
ℹ todo 0
ℹ duration_ms 100.708226
[OK] Updates use a trusted HTTPS-only external-page bridge with no local installer path.

== Netease lyric translation guard ==
[OK] Netease tlyric/ytlrc translation merge is guarded.

== Lyric vertical float toggle guard ==
[OK] Lyric vertical float toggle is wired through UI, persistence, archive, and render layers.

== Qishui provider guard ==
[OK] Qishui search/lyric fallback stays usable without third-party playback proxy.

== Removed provider surface guard ==
[OK] Removed provider has no searchable, login, account-capsule, startup, HTTP, or desktop IPC surface.

== Playback control source/VIP badge guard ==
[OK] Bottom player title shows source and VIP badges without stretching the control bar.

== Provider fallback transaction and terminal-state guard ==
[OK] Provider fallback respects active credentials, commits after playback, and reaches a clean terminal state.

== Search cancellation, retry and deadline regression ==
✔ QQ slow main search reserves fallback and short detail budgets within 7s (3.413545ms)
✔ QQ full rows skip detail enrichment and late incomplete rows skip it too (1.035632ms)
✔ QQ errors propagate on later pages and failed-main empty fallbacks; real empty pages remain empty (1.281744ms)
✔ QQ full search forwards timeout and rejects upstream status errors (1.290867ms)
✔ QQ Smartbox fallback forwards its deadline and overview issues only one request (1.943433ms)
✔ QQ detail forwards the short enrichment timeout (0.892306ms)
✔ Qishui slow PC search leaves public fallback enough time before frontend 8s (1.812274ms)
✔ Qishui PC plus token failure still reserves public fallback in the same deadline (1.049704ms)
✔ Qishui optional membership probe cannot consume the public fallback reserve (1.112699ms)
✔ Qishui immediate expired membership still annotates fallback session state (2.159719ms)
✔ Qishui request helpers pass search budgets through to HTTP requests (1.303096ms)
✔ expired shared budgets throw rather than become HTTP default timeouts (1.226281ms)
✔ Qishui public-only search uses the total budget without touching PC or token routes (0.801469ms)
✔ Qishui exhausted budget prevents starting another provider request (1.077756ms)
✔ Qishui successful PC rows avoid fallback and token work (1.041311ms)
✔ Qishui later pages bypass token route and preserve public offsets (0.898325ms)
✔ nested user resolve cannot repaint after clear (4.060676ms)
✔ nested user resolve cannot repaint after input-empty (1.470368ms)
✔ nested user resolve cannot repaint after escape (1.466853ms)
✔ nested user resolve cannot repaint after provider (1.349406ms)
✔ nested user resolve cannot repaint after query (1.2656ms)
✔ nested user resolve cannot repaint after type (1.306652ms)
✔ nested user resolve cannot repaint after back (1.271729ms)
✔ nested user resolve cannot repaint after replace (2.065806ms)
✔ nested user reject cannot repaint after clear (1.335555ms)
✔ nested user reject cannot repaint after input-empty (1.407894ms)
✔ nested user reject cannot repaint after escape (1.292601ms)
✔ nested user reject cannot repaint after provider (1.393543ms)
✔ nested user reject cannot repaint after query (1.216346ms)
✔ nested user reject cannot repaint after type (1.116865ms)
✔ nested user reject cannot repaint after back (1.117947ms)
✔ nested user reject cannot repaint after replace (1.135213ms)
✔ nested user failure can retry and retains original users for back navigation (1.37188ms)
✔ IME Enter never prevents candidate confirmation or submits unfinished pinyin (0.899116ms)
✔ explicit search cancels queued debounce even when typed route is used (1.188854ms)
✔ all failed providers retain retriable offsets, distinguish genuine empty, and retry only failures (3.16806ms)
✔ all-provider failure paints retry, never a no-results message (2.423838ms)
✔ music next page is aborted on clear and ignores late resolution (1.606053ms)
✔ failed typed page stops automatic retry; manual retry keeps offset and only retries failed provider (4.268801ms)
✔ typed initial transport/timeout failure renders a retry control instead of no matches (2.436396ms)
✔ mode switch cancels a queued input debounce before starting the new provider (3.646877ms)
✔ old typed page cannot own a nested/back search after late resolve (1.56416ms)
✔ old typed page cannot own a nested/back search after late reject (1.517134ms)
✔ outside dismissal stops late nested resolve and focus restarts interrupted query (1.614676ms)
✔ outside dismissal stops late nested reject and focus restarts interrupted query (1.126841ms)
✔ outside dismissal preserves completed rows and makes typed paging current on focus (1.270047ms)
✔ completed songs ignore abandoned typed partial state when closing and refocusing (1.201433ms)
ℹ tests 47
ℹ suites 0
ℹ pass 47
ℹ fail 0
ℹ cancelled 0
ℹ skipped 0
ℹ todo 0
ℹ duration_ms 161.800706

== Search glass entrance guard ==
[OK] Search glass uses the saved RGB SVG surface and is composited before the search panel appears.

== Provider entitlement boundary guard ==
[OK] Provider account membership and per-track playback entitlement remain separated.

== QQ VIP status refresh guard ==
[OK] QQ membership status can be force-refreshed after renewals.

== Provider auth cookie path guard ==
[OK] Provider auth cookies stay on userData paths and QQ partial login is explicit.

== Long-pause playback resume recovery guard ==
[OK] Long-pause resume recovery refreshes expired provider URLs across providers.

== Audio output workflow panel guard ==
[OK] Audio output workflow opens as a dedicated wiring panel and leaves settings compact.

== Volume wheel step guard ==
[OK] Volume wheel step is 1%.

== Non-current audio prefetch guard ==
[OK] Non-current audio URL prefetch stays disabled by default.

== Cuefield AutoMix integration guard ==
[OK] Cuefield AutoMix is opt-in, packages with the app, uses local feedback, and reuses safe handoff controls.

== Album detail and explicit gapless guard ==
[OK] Album detail opens from covers, loads provider album tracks, and gapless playback is explicit/preheated/sequential.

== Internal beta packaging guard ==
[OK] Internal beta packaging stays isolated, closed-channel, and non-publishing.

== Sonic topography visual preset guard ==
[OK] 音域回响 preset is selectable, bounded, saved, and driven by existing rhythm envelopes.

== Long press playlist/queue reorder guard ==
[OK] Long-press reorder stays on left playlist/queue panels and is disabled for 3D shelf cards.

== Playlist panel trigger guard ==
[OK] Playlist panel trigger, secondary-edge, bottom-control, and animation-duration guards are in sync.

== Shuffle queue order guard ==
[OK] Shuffle mode keeps the visible queue aligned with the actual playback order.

== Large playlist virtualization and progressive queue guard ==
[OK] 5k catalog=5.65ms/window 20; 10k queue=1 warm + 61 on-demand pages/window 26; one outer detail scroll; 3D pools retained.

== First-launch defaults and splash timing guard ==
[OK] 206 captured defaults match; splash cue pace is 0.72x of upstream (logo settles ~2.5s) with entry at 1.5s (0.65s reduced motion); archive actions stay in one row.

== Visual console workspace guard ==
[OK] Six task tabs, explicit grouping, scoped history, safe DOM cleanup, search, and responsive styles are wired.

== Electron runtime smoke check ==
[SKIP] Fast/static mode. Use quick-check.bat full to enable it.

All checks passed.
npm notice
npm notice New major version of npm available! 11.9.0 -> 12.2.0
npm notice Changelog: https://github.com/npm/cli/releases/tag/v12.2.0
npm notice To update run: npm install -g npm@12.2.0
npm notice
