npm warn Unknown env config "http-proxy". This will stop working in the next major version of npm.

> mineradio-remix@2.4.2 check
> node scripts/quick-check.js

App root: /workspace/scratch/b9368a61956a/automix-20261010/repo

== Node syntax check ==
[OK] Checked 183 JavaScript files.

== Playback audio graph track-switch regression ==
OK playback-audio-graph-recovery

== Background window and playback resume regression ==
OK background-window-state-recovery
OK playback-background-resume

== Playback source fallback finite transaction regression ==
OK playback-source-fallback-transaction

== Playback single-repeat loop regression ==
OK playback-single-repeat-loop

== Persistent local FLAC library regression ==
✔ FLAC tags, embedded cover and same-name LRC survive a full library reload (71.575765ms)
✔ subsequent imports append to the persistent library by default (3.803298ms)
✔ GB18030 sidecar lyrics and synchronized embedded lyrics normalize to readable LRC (0.471411ms)
✔ metadata and manifest failures preserve the last committed cover and index (10.029747ms)
✔ embedded cover budget rejects oversized pixel dimensions on low-spec devices (0.244839ms)
✔ renderer and Electron wiring restore persistent tracks instead of blob-only missing records (1.965686ms)
ℹ tests 6
ℹ suites 0
ℹ pass 6
ℹ fail 0
ℹ cancelled 0
ℹ skipped 0
ℹ todo 0
ℹ duration_ms 164.815475

== Persistent cross-provider built-in playlist regression ==
✔ built-in playlists persist mixed-provider songs without changing their source (13.725267ms)
✔ Electron and renderer wiring exposes built-in playlists in collection, panel, queue and shelf (2.421233ms)
ℹ tests 2
ℹ suites 0
ℹ pass 2
ℹ fail 0
ℹ cancelled 0
ℹ skipped 0
ℹ todo 0
ℹ duration_ms 97.854312

== Wallpaper Engine idle-dispose regression ==
✔ idle Wallpaper Engine runtime disposes as a verified clean state (2.093258ms)
✔ single DWM surface accepts bounded visual settings without another native layer (0.63019ms)
ℹ tests 2
ℹ suites 0
ℹ pass 2
ℹ fail 0
ℹ cancelled 0
ℹ skipped 0
ℹ todo 0
ℹ duration_ms 8.129615

== Wallpaper Engine minimize resident regression ==
OK wallpaper-engine-minimize-resident

== Wallpaper Engine Win10 yellow-border regression ==
[OK] Wallpaper Engine pak capture avoids Win10 display-capture yellow border fallback.

== Gesture camera permission regression ==
OK gesture-camera-permission

== Gesture player actions regression ==
OK gesture-player-actions

== Gesture camera runtime lifecycle regression ==
OK gesture-runtime-lifecycle

== Curated visual presets regression ==
OK curated-visual-presets

== Lyric clarity, WE visual controls, and portrait fullscreen regression ==
✔ translation lyrics share high clarity sampling and global bright-background avoidance (1.13993ms)
✔ cover particles share bright-background avoidance (0.340814ms)
✔ portrait fullscreen targets the display under the window center (1.315865ms)
✔ Wallpaper Engine controls persist and use the existing DWM surface (1.331269ms)
ℹ tests 4
ℹ suites 0
ℹ pass 4
ℹ fail 0
ℹ cancelled 0
ℹ skipped 0
ℹ todo 0
ℹ duration_ms 101.343339

== QQ/Kugou provider entitlement regression ==
[KugouSongUrl] hash: free-song album:  mix: 42 auth: guest tier: none
[KugouSongUrl] hash: member-fallback-song album:  mix: 0 auth: ready tier: svip
[KugouSongUrl] hash: preview-song album:  mix: 0 auth: ready tier: svip
[KugouSongUrl] hash: full-fallback-song album:  mix: 0 auth: ready tier: svip
[KugouSongUrl] hash: client-only-song album:  mix: 0 auth: ready tier: svip
[KugouSongUrl] hash: unavailable-song album:  mix: 0 auth: guest tier: none
[KugouSongUrl] hash: challenge-song album:  mix: 0 auth: guest tier: none
[KugouSongUrl] hash: challenge-stop album:  mix: 0 auth: ready tier: svip
[KugouSongUrl] hash: challenge-stop album:  mix: 0 auth: ready tier: svip
[KugouSongUrl] hash: preview-then-challenge album:  mix: 0 auth: ready tier: svip
✔ current official songinfo route includes the H5 signature and stable web UUID (8.901699ms)
[KugouSongUrl] hash: preview-then-challenge album:  mix: 0 auth: ready tier: svip
[KugouSongUrl] hash: structured-challenge album:  mix: 0 auth: guest tier: none
✔ transport and non-JSON failures reach the official retry host instead of breaking fallback (7.38424ms)
[KugouSongUrl] hash: structured-challenge album:  mix: 0 auth: guest tier: none
[KugouSongUrl] hash: structured-challenge album:  mix: 0 auth: guest tier: none
[KugouSongUrl] hash: invalid-challenge album:  mix: 0 auth: guest tier: none
[KugouSongUrl] hash: invalid-challenge album:  mix: 0 auth: guest tier: none
✔ official previews stay marked as previews in both fresh and cached responses (3.439819ms)
[KugouSongUrl] hash: invalid-challenge album:  mix: 0 auth: guest tier: none
[KugouSongUrl] hash: invalid-challenge album:  mix: 0 auth: guest tier: none
[KugouSongUrl] hash: invalid-challenge album:  mix: 0 auth: guest tier: none
[KugouSongUrl] hash: invalid-challenge album:  mix: 0 auth: guest tier: none
✔ a full authorized fallback can replace a preview without relabeling preview audio (2.313179ms)
[KugouSongUrl] hash: invalid-challenge album:  mix: 0 auth: guest tier: none
[KugouSongUrl] hash: invalid-challenge album:  mix: 0 auth: guest tier: none
[KugouSongUrl] hash: invalid-challenge album:  mix: 0 auth: guest tier: none
[KugouSongUrl] hash: invalid-challenge album:  mix: 0 auth: guest tier: none
✔ URL arrays select one valid address and failed gateway payloads cannot authorize audio (2.544239ms)
✔ upstream errors are distinct from non-membership and official security challenges are preserved (3.281361ms)
✔ an official challenge stops all endpoint and quality fallbacks and retains its URL and upstream code (1.964294ms)
✔ a security challenge wins over an earlier official preview and JSON HTTP failures preserve challenges (2.745212ms)
✔ clear upstream verification messages and structured challenge links cannot be mistaken for audio URLs (1.792374ms)
✔ missing and unsafe challenge URLs retain verification state without inventing a destination (4.891851ms)
✔ unknown or stale membership waits for verification without claiming non-membership or requesting paid audio (8.021101ms)
✔ login profile challenges preserve identity, deny playback readiness and stop membership probing (5.748623ms)
✔ web, primary and fallback VIP challenges survive login and stop subsequent probes without caching (4.975776ms)
[KugouSearch] fixture search limit: 3 offset: 0
✔ VIP probes are sequential and transport failures never become security verification (8.465748ms)
[KugouSearch] fixture search limit: 3 offset: 0
[KugouSearch] page test limit: 3 offset: 2
✔ membership security challenges also terminate playback before any audio request (0.721479ms)
✔ search failures are rejected and not cached as an empty successful search (2.716773ms)
✔ search offsets cross page boundaries without returning preceding tracks (1.419542ms)
✔ Cookie object helpers preserve login identity and lyrics decode official base64 content (0.817583ms)
✔ personal-library failures retain an explicit upstream code and are retried instead of cached as empty (1.08735ms)
✔ malformed personal-library and track payloads cannot become successful cached empty libraries (1.711301ms)
✔ personal library reads every page, not just the first 50 playlists (1.317347ms)
✔ failed later pages retain loaded playlists and retry to a complete library (2.058315ms)
✔ page limit is explicit with or without totals, but a known complete final page succeeds (20.765398ms)
✔ cloudlist connection rejection stays a failure with an explicit recovery action (0.579835ms)
✔ cloudlist library and created-list tracks use the Android contract, retaining failure codes (0.991736ms)
✔ Android tracker signs all parameters and does not request an unnecessary preview (0.573606ms)
✔ Kugou ordinary login keeps a reusable session without clearing storage (5.076249ms)
✔ Kugou explicit re-login discards a revoked token before reuse and completes with a fresh session (9.463407ms)
✔ Kugou only literal true requests storage clearing (4.183802ms)
✔ Kugou cancelled re-login never returns the discarded session (2.071566ms)
✔ Kugou renderer re-login options reach the main handler without an unlock step (3.125396ms)
✔ Kugou website fallback is an interactive visible window, not a QR-only screenshot (1.764452ms)
✔ Kugou verification stays visible with existing playback cookies, keeps the session and closes without claiming success (3.061689ms)
✔ Kugou verification rejects unsafe challenge URLs before opening a window (3.721834ms)
✔ Kugou navigation and popups cannot leave official HTTPS hosts or invoke an external app (2.218327ms)
✔ a visible security challenge during website login takes precedence over complete cookies (2.104616ms)
✔ new Kugou verification replaces an older window and logout cancels all login activity before clearing cookies (1.332881ms)
✔ Kugou redirect guard supports current Electron details and leaves captcha subframes usable (1.210667ms)
✔ untrusted renderers cannot launch Kugou login or clear its session (1.051827ms)
✔ logout while cookie reuse is pending cannot create a late Kugou window or return success (0.607947ms)
✔ DOM-ready and full-load share the pending challenge check before any login-entry click (2.943781ms)
[OK] Kugou VIP hardening: web roles are source-scoped, expiry-aware, and cannot overgrant music-package accounts.
✔ /workspace/scratch/b9368a61956a/automix-20261010/repo/tests/kugou-vip-hardening.test.js (77.591641ms)
[KugouSongUrl] hash: ordinary-free-track-hash album:  mix: 0 auth: ready tier: none
[KugouSongUrl] hash: verified-vip-track-hash album:  mix: 0 auth: ready tier: vip
[KugouSongUrl] hash: music-package-track-hash album:  mix: 0 auth: ready tier: none
[OK] Provider entitlement boundaries reject false VIP signals and protect restricted URLs.
✔ /workspace/scratch/b9368a61956a/automix-20261010/repo/tests/provider-entitlement-boundary.test.js (107.486864ms)
✔ catalogue credentials cannot become a Qishui account or playback authorization (4.382351ms)
✔ API timeout remains active while a response body is stalled (7.695481ms)
✔ temporary provider errors retain account identity without claiming current authorization (3.616476ms)
✔ JSON error responses are also treated as temporary status failures (1.958585ms)
✔ officially expired Qishui session clears account and asks for a new scan (2.919955ms)
✔ unknown membership does not overwrite verified audit history as a normal account (1.834819ms)
✔ the shared badge retains QQ pending and verified ordinary account states (1.794738ms)
✔ an old saved cookie cannot confirm a waiting or expired QR attempt (8.979817ms)
✔ only a newly confirmed and valid QR session is saved (9.140159ms)
✔ a Qishui QR confirmation that resolves after logout is not saved (2.634464ms)
✔ a rejected fresh session stops the QR poll and displays a rescan action (2.855869ms)
[OK] QQ VIP entitlement regression tests passed
✔ /workspace/scratch/b9368a61956a/automix-20261010/repo/tests/qq-vip-entitlement.test.js (89.101897ms)
ℹ tests 55
ℹ suites 0
ℹ pass 55
ℹ fail 0
ℹ cancelled 0
ℹ skipped 0
ℹ todo 0
ℹ duration_ms 209.278489

== Direct account binding entry regression ==
OK login-entry-direct

== Qishui provider distribution, entitlement, and signed Passport QR regression ==
[OK] Qishui account membership, expiry TTL, and account-scoped metadata cache verified.
✔ /workspace/scratch/b9368a61956a/automix-20261010/repo/tests/qishui-entitlement-cache.test.js (95.700452ms)
✔ Qishui Passport QR bridge persists a confirmed official web session and clears it (3.357125ms)
✔ an old saved cookie or superseded QR poll cannot confirm a new login (0.820518ms)
✔ Qishui login product surface uses only the signed Passport QR flow (4.672839ms)
[OK] Qishui search pagination and official-session account boundary verified.
✔ /workspace/scratch/b9368a61956a/automix-20261010/repo/tests/qishui-provider-distribution.test.js (91.931015ms)
✔ expired official session cannot become a successful status or an empty synchronized library (7.839528ms)
✔ a transient profile failure stays unknown and immediately recovers on retry (4.144763ms)
✔ HTTP 200 with missing account identity cannot validate saved cookies (2.934737ms)
✔ personal playlists load without waiting for recommendation feeds and partial failures are retried (2.995809ms)
✔ empty PC responses keep public search available but identify an expired playback session (5.646469ms)
✔ a failed player-info resolution retries immediately and cached audio cannot override stricter rights (3.914385ms)
✔ playback settles under a wall-clock deadline even when DNS or the response never emits an event (22.10474ms)
✔ an explicit numeric end-of-search flag stops pagination even when the final page is full (1.14037ms)
✔ created playlists follow the cursor past the first 50; a response without paging fields stays one page (2.766404ms)
✔ a library with more pages at the safety limit stays incomplete and is not cached as complete (6.911899ms)
✔ has_more with a missing or unchanged cursor cannot become a completed library (1.012408ms)
✔ VIP may use lossless but cannot use Hi-Res reserved for explicit SVIP (2.059708ms)
✔ unknown membership never grants a premium stream (5.113264ms)
✔ SVIP-only track flags are normalized and gated independently from VIP (1.347222ms)
✔ VIP and SVIP expiry fields are evaluated independently (1.128683ms)
✔ a same-cookie official positive survives only a short immediate outage (0.552714ms)
✔ unknown without positive history is not converted to an ordinary account (0.257168ms)
✔ an official positive is never retained beyond its expiry (0.157198ms)
ℹ tests 23
ℹ suites 0
ℹ pass 23
ℹ fail 0
ℹ cancelled 0
ℹ skipped 0
ℹ todo 0
ℹ duration_ms 181.285888

== Provider removal, fullscreen DIY, and cinematic preload regression ==
✔ removed provider has no user-facing or callable login surface (5.250792ms)
✔ fullscreen DIY control follows the bottom-most visible account pill (0.247493ms)
✔ full-track cinematic analysis waits for playback and retries bounded failures (0.282236ms)
ℹ tests 3
ℹ suites 0
ℹ pass 3
ℹ fail 0
ℹ cancelled 0
ℹ skipped 0
ℹ todo 0
ℹ duration_ms 84.291294

== Visual performance controls regression ==
✔ visual performance controls are visible and persisted without reordering old MR2 fields (2.364878ms)
✔ disabled controls bypass the expensive lyric and particle paths (0.655699ms)
ℹ tests 2
ℹ suites 0
ℹ pass 2
ℹ fail 0
ℹ cancelled 0
ℹ skipped 0
ℹ todo 0
ℹ duration_ms 84.762961

== Platform account action and listen-sync guard ==
[OK] Platform account actions, provider-affine listen reports, and truthful duration-sync boundaries are guarded.

== Complete daily recommendation data and bounded rendering regression ==
✔ daily recommendation modal consumes the full frontend dataset without an eight-song slice (1.906617ms)
✔ daily recommendation viewport range exposes every index while keeping each DOM window bounded (1.678523ms)
✔ virtualized daily cards preserve absolute indexes and full-queue playback (0.801359ms)
✔ daily viewport updates are scroll-driven and animation-frame throttled (0.564912ms)
✔ daily recommendation mapper preserves every valid upstream song in order (2.475996ms)
✔ discover home returns the complete mapped daily list without a fixed song cap (0.924295ms)
✔ discover home does not request or return recommended podcasts (0.317058ms)
ℹ tests 7
ℹ suites 0
ℹ pass 7
ℹ fail 0
ℹ cancelled 0
ℹ skipped 0
ℹ todo 0
ℹ duration_ms 92.473353

== Combined index module parse ==
[OK] Combined classic script parses. Modules: 131.

== Forbidden FSR/DLSS/native FG scan ==
[OK] No FSR/DLSS/native FG markers in 185 scanned files.

== Main window chrome guard ==
[OK] Main player window still uses frame:false and transparent:true.

== Background transparency controls guard ==
[OK] Background window opacity and gated glass opacity controls are wired through UI, CSS, runtime, persistence, and archives.

== Wallpaper Engine additive import guard ==
[OK] Independent layer, native Scene runtime, opaque IPC IDs, path containment, safe previews, Range streaming, and original-background restore are guarded.

== Desktop wallpaper mode guard ==
[OK] Legacy canvas backdrop is forbidden; the complete Mineradio HUD, recoverable software lock, desktop-icon switch, click-outside close, Escape exit, native watcher recovery, single WE DWM layering, and ordered cleanup are guarded.

== Desktop window adaptation guard ==
[OK] Desktop shell adapts portrait displays and window minimize/restore animation.

== Lyric layout range guard ==
[OK] Lyric layout position/depth/angle ranges stay expanded through UI, runtime, autosave, and archives.

== Free camera pointer-lock guard ==
[OK] Local app pointerLock permission and plain lock request are guarded.

== Progress drag seek guard ==
[OK] Progress drag previews visually and commits audio seek on release.

== Lyric backface readability guard ==
[OK] Lyric translation/readability/glow layers stay readable from the back side.

== Lyric scroll performance guard ==
[OK] Lyric scrolling keeps one persistent whole-song text runway, bounded effect layers, realtime continuous drag, and warm lyric activation.

== Persistent cache storage guard ==
[OK] Persistent lyric and application cache paths are configurable and report current usage.

== External update page bridge guard ==
✔ the latest Release body supplies two new pages and the announcement without stale visible links (5.105995ms)
✔ a source build reads only the bold 更新重点 phrases, not the heading or explanations (1.682118ms)
✔ explicit manifest pages replace legacy URL aliases instead of appending a retired third source (0.98102ms)
✔ an explicitly empty or unsafe list retires legacy sources while old single-page manifests remain compatible (0.744994ms)
✔ renderer replaces three old sources with two latest sources and opens only the selected new page (2.285479ms)
✔ renderer clears retired sources and previous notes when the next payload omits the announcement (0.773067ms)
✔ renderer preserves the legacy single-page response when no explicit list is supplied (0.673917ms)
✔ release update metadata accepts only a bounded HTTPS external page (1.27875ms)
✔ removed local update routes stay disabled and their workers stay absent (1.019308ms)
✔ release body preserves all three labelled HTTPS download pages (2.476066ms)
✔ renderer opens the external page without local installer or patch calls (0.236206ms)
ℹ tests 11
ℹ suites 0
ℹ pass 11
ℹ fail 0
ℹ cancelled 0
ℹ skipped 0
ℹ todo 0
ℹ duration_ms 99.895976
[OK] Updates use a trusted HTTPS-only external-page bridge with no local installer path.

== Netease lyric translation guard ==
[OK] Netease tlyric/ytlrc translation merge is guarded.

== Lyric vertical float toggle guard ==
[OK] Lyric vertical float toggle is wired through UI, persistence, archive, and render layers.

== Qishui provider guard ==
[OK] Qishui search/lyric fallback stays usable without third-party playback proxy.

== Removed provider surface guard ==
[OK] Removed provider has no searchable, login, account-capsule, startup, HTTP, or desktop IPC surface.

== Playback control source/VIP badge guard ==
[OK] Bottom player title shows source and VIP badges without stretching the control bar.

== Provider fallback transaction and terminal-state guard ==
[OK] Provider fallback respects active credentials, commits after playback, and reaches a clean terminal state.

== Search glass entrance guard ==
[OK] Search glass uses the saved RGB SVG surface and is composited before the search panel appears.

== Provider entitlement boundary guard ==
[OK] Provider account membership and per-track playback entitlement remain separated.

== QQ VIP status refresh guard ==
[OK] QQ membership status can be force-refreshed after renewals.

== Provider auth cookie path guard ==
[OK] Provider auth cookies stay on userData paths and QQ partial login is explicit.

== Long-pause playback resume recovery guard ==
[OK] Long-pause resume recovery refreshes expired provider URLs across providers.

== Audio output workflow panel guard ==
[OK] Audio output workflow opens as a dedicated wiring panel and leaves settings compact.

== Volume wheel step guard ==
[OK] Volume wheel step is 1%.

== Non-current audio prefetch guard ==
[OK] Non-current audio URL prefetch stays disabled by default.

== Cuefield AutoMix integration guard ==
[OK] Cuefield AutoMix is opt-in, packages with the app, uses local feedback, and reuses safe handoff controls.

== Album detail and explicit gapless guard ==
[OK] Album detail opens from covers, loads provider album tracks, and gapless playback is explicit/preheated/sequential.

== Internal beta packaging guard ==
[OK] Internal beta packaging stays isolated, closed-channel, and non-publishing.

== Sonic topography visual preset guard ==
[OK] 音域回响 preset is selectable, bounded, saved, and driven by existing rhythm envelopes.

== Long press playlist/queue reorder guard ==
[OK] Long-press reorder stays on left playlist/queue panels and is disabled for 3D shelf cards.

== Playlist panel trigger guard ==
[OK] Playlist panel trigger, secondary-edge, bottom-control, and animation-duration guards are in sync.

== Shuffle queue order guard ==
[OK] Shuffle mode keeps the visible queue aligned with the actual playback order.

== Large playlist virtualization and progressive queue guard ==
[OK] 5k catalog=5.39ms/window 20; 10k queue=1 warm + 61 on-demand pages/window 26; one outer detail scroll; 3D pools retained.

== First-launch defaults and splash timing guard ==
[OK] 206 captured defaults match; splash cue pace is 0.72x of upstream (logo settles ~2.5s) with entry at 1.5s (0.65s reduced motion); archive actions stay in one row.

== Visual console workspace guard ==
[OK] Six task tabs, explicit grouping, scoped history, safe DOM cleanup, search, and responsive styles are wired.

== Electron runtime smoke check ==
[SKIP] Fast/static mode. Use quick-check.bat full to enable it.

All checks passed.
npm notice
npm notice New major version of npm available! 11.9.0 -> 12.2.0
npm notice Changelog: https://github.com/npm/cli/releases/tag/v12.2.0
npm notice To update run: npm install -g npm@12.2.0
npm notice
